Archive member included to satisfy reference by file (symbol)

/opt/st/stm32cubeide_1.19.0/plugins/com.st.stm32cube.ide.mcu.externaltools.gnu-tools-for-stm32.13.3.rel1.linux64_1.0.0.202410170706/tools/bin/../lib/gcc/arm-none-eabi/13.3.1/../../../../arm-none-eabi/lib/thumb/v7-m/nofp/librdimon_nano.a(arm_librdimon_a-syscalls.o)
                              /opt/st/stm32cubeide_1.19.0/plugins/com.st.stm32cube.ide.mcu.externaltools.gnu-tools-for-stm32.13.3.rel1.linux64_1.0.0.202410170706/tools/bin/../lib/gcc/arm-none-eabi/13.3.1/../../../../arm-none-eabi/lib/thumb/v7-m/nofp/rdimon-crt0.o (__heap_limit)
/opt/st/stm32cubeide_1.19.0/plugins/com.st.stm32cube.ide.mcu.externaltools.gnu-tools-for-stm32.13.3.rel1.linux64_1.0.0.202410170706/tools/bin/../lib/gcc/arm-none-eabi/13.3.1/../../../../arm-none-eabi/lib/thumb/v7-m/nofp/libc_nano.a(libc_a-exit.o)
                              /opt/st/stm32cubeide_1.19.0/plugins/com.st.stm32cube.ide.mcu.externaltools.gnu-tools-for-stm32.13.3.rel1.linux64_1.0.0.202410170706/tools/bin/../lib/gcc/arm-none-eabi/13.3.1/../../../../arm-none-eabi/lib/thumb/v7-m/nofp/rdimon-crt0.o (exit)
/opt/st/stm32cubeide_1.19.0/plugins/com.st.stm32cube.ide.mcu.externaltools.gnu-tools-for-stm32.13.3.rel1.linux64_1.0.0.202410170706/tools/bin/../lib/gcc/arm-none-eabi/13.3.1/../../../../arm-none-eabi/lib/thumb/v7-m/nofp/libc_nano.a(libc_a-fflush.o)
                              ./app/src/logger.o (fflush)
/opt/st/stm32cubeide_1.19.0/plugins/com.st.stm32cube.ide.mcu.externaltools.gnu-tools-for-stm32.13.3.rel1.linux64_1.0.0.202410170706/tools/bin/../lib/gcc/arm-none-eabi/13.3.1/../../../../arm-none-eabi/lib/thumb/v7-m/nofp/libc_nano.a(libc_a-findfp.o)
                              /opt/st/stm32cubeide_1.19.0/plugins/com.st.stm32cube.ide.mcu.externaltools.gnu-tools-for-stm32.13.3.rel1.linux64_1.0.0.202410170706/tools/bin/../lib/gcc/arm-none-eabi/13.3.1/../../../../arm-none-eabi/lib/thumb/v7-m/nofp/libc_nano.a(libc_a-fflush.o) (__sglue)
/opt/st/stm32cubeide_1.19.0/plugins/com.st.stm32cube.ide.mcu.externaltools.gnu-tools-for-stm32.13.3.rel1.linux64_1.0.0.202410170706/tools/bin/../lib/gcc/arm-none-eabi/13.3.1/../../../../arm-none-eabi/lib/thumb/v7-m/nofp/libc_nano.a(libc_a-fwalk.o)
                              /opt/st/stm32cubeide_1.19.0/plugins/com.st.stm32cube.ide.mcu.externaltools.gnu-tools-for-stm32.13.3.rel1.linux64_1.0.0.202410170706/tools/bin/../lib/gcc/arm-none-eabi/13.3.1/../../../../arm-none-eabi/lib/thumb/v7-m/nofp/libc_nano.a(libc_a-fflush.o) (_fwalk_sglue)
/opt/st/stm32cubeide_1.19.0/plugins/com.st.stm32cube.ide.mcu.externaltools.gnu-tools-for-stm32.13.3.rel1.linux64_1.0.0.202410170706/tools/bin/../lib/gcc/arm-none-eabi/13.3.1/../../../../arm-none-eabi/lib/thumb/v7-m/nofp/libc_nano.a(libc_a-printf.o)
                              ./app/src/logger.o (printf)
/opt/st/stm32cubeide_1.19.0/plugins/com.st.stm32cube.ide.mcu.externaltools.gnu-tools-for-stm32.13.3.rel1.linux64_1.0.0.202410170706/tools/bin/../lib/gcc/arm-none-eabi/13.3.1/../../../../arm-none-eabi/lib/thumb/v7-m/nofp/libc_nano.a(libc_a-snprintf.o)
                              ./app/src/app.o (snprintf)
/opt/st/stm32cubeide_1.19.0/plugins/com.st.stm32cube.ide.mcu.externaltools.gnu-tools-for-stm32.13.3.rel1.linux64_1.0.0.202410170706/tools/bin/../lib/gcc/arm-none-eabi/13.3.1/../../../../arm-none-eabi/lib/thumb/v7-m/nofp/libc_nano.a(libc_a-stdio.o)
                              /opt/st/stm32cubeide_1.19.0/plugins/com.st.stm32cube.ide.mcu.externaltools.gnu-tools-for-stm32.13.3.rel1.linux64_1.0.0.202410170706/tools/bin/../lib/gcc/arm-none-eabi/13.3.1/../../../../arm-none-eabi/lib/thumb/v7-m/nofp/libc_nano.a(libc_a-findfp.o) (__sread)
/opt/st/stm32cubeide_1.19.0/plugins/com.st.stm32cube.ide.mcu.externaltools.gnu-tools-for-stm32.13.3.rel1.linux64_1.0.0.202410170706/tools/bin/../lib/gcc/arm-none-eabi/13.3.1/../../../../arm-none-eabi/lib/thumb/v7-m/nofp/libc_nano.a(libc_a-memset.o)
                              /opt/st/stm32cubeide_1.19.0/plugins/com.st.stm32cube.ide.mcu.externaltools.gnu-tools-for-stm32.13.3.rel1.linux64_1.0.0.202410170706/tools/bin/../lib/gcc/arm-none-eabi/13.3.1/../../../../arm-none-eabi/lib/thumb/v7-m/nofp/rdimon-crt0.o (memset)
/opt/st/stm32cubeide_1.19.0/plugins/com.st.stm32cube.ide.mcu.externaltools.gnu-tools-for-stm32.13.3.rel1.linux64_1.0.0.202410170706/tools/bin/../lib/gcc/arm-none-eabi/13.3.1/../../../../arm-none-eabi/lib/thumb/v7-m/nofp/libc_nano.a(libc_a-closer.o)
                              /opt/st/stm32cubeide_1.19.0/plugins/com.st.stm32cube.ide.mcu.externaltools.gnu-tools-for-stm32.13.3.rel1.linux64_1.0.0.202410170706/tools/bin/../lib/gcc/arm-none-eabi/13.3.1/../../../../arm-none-eabi/lib/thumb/v7-m/nofp/libc_nano.a(libc_a-stdio.o) (_close_r)
/opt/st/stm32cubeide_1.19.0/plugins/com.st.stm32cube.ide.mcu.externaltools.gnu-tools-for-stm32.13.3.rel1.linux64_1.0.0.202410170706/tools/bin/../lib/gcc/arm-none-eabi/13.3.1/../../../../arm-none-eabi/lib/thumb/v7-m/nofp/libc_nano.a(libc_a-reent.o)
[...]
Memory Configuration

Name             Origin             Length             Attributes
RAM              0x20000000         0x00005000         xrw
FLASH            0x08000000         0x00020000         xr
*default*        0x00000000         0xffffffff

Linker script and memory map

LOAD /opt/st/stm32cubeide_1.19.0/plugins/com.st.stm32cube.ide.mcu.externaltools.gnu-tools-for-stm32.13.3.rel1.linux64_1.0.0.202410170706/tools/bin/../lib/gcc/arm-none-eabi/13.3.1/thumb/v7-m/nofp/crti.o
LOAD /opt/st/stm32cubeide_1.19.0/plugins/com.st.stm32cube.ide.mcu.externaltools.gnu-tools-for-stm32.13.3.rel1.linux64_1.0.0.202410170706/tools/bin/../lib/gcc/arm-none-eabi/13.3.1/thumb/v7-m/nofp/crtbegin.o
LOAD /opt/st/stm32cubeide_1.19.0/plugins/com.st.stm32cube.ide.mcu.externaltools.gnu-tools-for-stm32.13.3.rel1.linux64_1.0.0.202410170706/tools/bin/../lib/gcc/arm-none-eabi/13.3.1/../../../../arm-none-eabi/lib/thumb/v7-m/nofp/rdimon-crt0.o
LOAD ./Core/Src/main.o
LOAD ./Core/Src/stm32f1xx_hal_msp.o
LOAD ./Core/Src/stm32f1xx_it.o
LOAD ./Core/Src/sysmem.o
LOAD ./Core/Src/system_stm32f1xx.o
LOAD ./Core/Startup/startup_stm32f103rbtx.o
LOAD ./Drivers/STM32F1xx_HAL_Driver/Src/stm32f1xx_hal.o
LOAD ./Drivers/STM32F1xx_HAL_Driver/Src/stm32f1xx_hal_cortex.o
LOAD ./Drivers/STM32F1xx_HAL_Driver/Src/stm32f1xx_hal_dma.o
LOAD ./Drivers/STM32F1xx_HAL_Driver/Src/stm32f1xx_hal_exti.o
LOAD ./Drivers/STM32F1xx_HAL_Driver/Src/stm32f1xx_hal_flash.o
LOAD ./Drivers/STM32F1xx_HAL_Driver/Src/stm32f1xx_hal_flash_ex.o
LOAD ./Drivers/STM32F1xx_HAL_Driver/Src/stm32f1xx_hal_gpio.o
LOAD ./Drivers/STM32F1xx_HAL_Driver/Src/stm32f1xx_hal_gpio_ex.o
LOAD ./Drivers/STM32F1xx_HAL_Driver/Src/stm32f1xx_hal_pwr.o
LOAD ./Drivers/STM32F1xx_HAL_Driver/Src/stm32f1xx_hal_rcc.o
LOAD ./Drivers/STM32F1xx_HAL_Driver/Src/stm32f1xx_hal_rcc_ex.o
LOAD ./Drivers/STM32F1xx_HAL_Driver/Src/stm32f1xx_hal_uart.o
LOAD ./app/src/app.o
LOAD ./app/src/app_it.o
LOAD ./app/src/logger.o
LOAD ./app/src/systick.o
LOAD ./app/src/task_actuator.o
LOAD ./app/src/task_actuator_interface.o
LOAD ./app/src/task_sensor.o
LOAD ./app/src/task_system.o
LOAD ./app/src/task_system_interface.o
LOAD /opt/st/stm32cubeide_1.19.0/plugins/com.st.stm32cube.ide.mcu.externaltools.gnu-tools-for-stm32.13.3.rel1.linux64_1.0.0.202410170706/tools/bin/../lib/gcc/arm-none-eabi/13.3.1/../../../../arm-none-eabi/lib/thumb/v7-m/nofp/librdimon_nano.a
START GROUP
LOAD /opt/st/stm32cubeide_1.19.0/plugins/com.st.stm32cube.ide.mcu.externaltools.gnu-tools-for-stm32.13.3.rel1.linux64_1.0.0.202410170706/tools/bin/../lib/gcc/arm-none-eabi/13.3.1/../../../../arm-none-eabi/lib/thumb/v7-m/nofp/libc_nano.a
LOAD /opt/st/stm32cubeide_1.19.0/plugins/com.st.stm32cube.ide.mcu.externaltools.gnu-tools-for-stm32.13.3.rel1.linux64_1.0.0.202410170706/tools/bin/../lib/gcc/arm-none-eabi/13.3.1/../../../../arm-none-eabi/lib/thumb/v7-m/nofp/libm.a
END GROUP
START GROUP
LOAD /opt/st/stm32cubeide_1.19.0/plugins/com.st.stm32cube.ide.mcu.externaltools.gnu-tools-for-stm32.13.3.rel1.linux64_1.0.0.202410170706/tools/bin/../lib/gcc/arm-none-eabi/13.3.1/thumb/v7-m/nofp/libgcc.a
LOAD /opt/st/stm32cubeide_1.19.0/plugins/com.st.stm32cube.ide.mcu.externaltools.gnu-tools-for-stm32.13.3.rel1.linux64_1.0.0.202410170706/tools/bin/../lib/gcc/arm-none-eabi/13.3.1/../../../../arm-none-eabi/lib/thumb/v7-m/nofp/libc_nano.a
END GROUP
START GROUP
LOAD /opt/st/stm32cubeide_1.19.0/plugins/com.st.stm32cube.ide.mcu.externaltools.gnu-tools-for-stm32.13.3.rel1.linux64_1.0.0.202410170706/tools/bin/../lib/gcc/arm-none-eabi/13.3.1/thumb/v7-m/nofp/libgcc.a
LOAD /opt/st/stm32cubeide_1.19.0/plugins/com.st.stm32cube.ide.mcu.externaltools.gnu-tools-for-stm32.13.3.rel1.linux64_1.0.0.202410170706/tools/bin/../lib/gcc/arm-none-eabi/13.3.1/../../../../arm-none-eabi/lib/thumb/v7-m/nofp/libc_nano.a
LOAD /opt/st/stm32cubeide_1.19.0/plugins/com.st.stm32cube.ide.mcu.externaltools.gnu-tools-for-stm32.13.3.rel1.linux64_1.0.0.202410170706/tools/bin/../lib/gcc/arm-none-eabi/13.3.1/../../../../arm-none-eabi/lib/thumb/v7-m/nofp/libnosys.a
END GROUP
START GROUP
LOAD /opt/st/stm32cubeide_1.19.0/plugins/com.st.stm32cube.ide.mcu.externaltools.gnu-tools-for-stm32.13.3.rel1.linux64_1.0.0.202410170706/tools/bin/../lib/gcc/arm-none-eabi/13.3.1/thumb/v7-m/nofp/libgcc.a
LOAD /opt/st/stm32cubeide_1.19.0/plugins/com.st.stm32cube.ide.mcu.externaltools.gnu-tools-for-stm32.13.3.rel1.linux64_1.0.0.202410170706/tools/bin/../lib/gcc/arm-none-eabi/13.3.1/../../../../arm-none-eabi/lib/thumb/v7-m/nofp/libc_nano.a
LOAD /opt/st/stm32cubeide_1.19.0/plugins/com.st.stm32cube.ide.mcu.externaltools.gnu-tools-for-stm32.13.3.rel1.linux64_1.0.0.202410170706/tools/bin/../lib/gcc/arm-none-eabi/13.3.1/../../../../arm-none-eabi/lib/thumb/v7-m/nofp/librdimon_nano.a
END GROUP
START GROUP
LOAD /opt/st/stm32cubeide_1.19.0/plugins/com.st.stm32cube.ide.mcu.externaltools.gnu-tools-for-stm32.13.3.rel1.linux64_1.0.0.202410170706/tools/bin/../lib/gcc/arm-none-eabi/13.3.1/thumb/v7-m/nofp/libgcc.a
LOAD /opt/st/stm32cubeide_1.19.0/plugins/com.st.stm32cube.ide.mcu.externaltools.gnu-tools-for-stm32.13.3.rel1.linux64_1.0.0.202410170706/tools/bin/../lib/gcc/arm-none-eabi/13.3.1/../../../../arm-none-eabi/lib/thumb/v7-m/nofp/libc_nano.a
LOAD /opt/st/stm32cubeide_1.19.0/plugins/com.st.stm32cube.ide.mcu.externaltools.gnu-tools-for-stm32.13.3.rel1.linux64_1.0.0.202410170706/tools/bin/../lib/gcc/arm-none-eabi/13.3.1/../../../../arm-none-eabi/lib/thumb/v7-m/nofp/librdimon_nano.a
LOAD /opt/st/stm32cubeide_1.19.0/plugins/com.st.stm32cube.ide.mcu.externaltools.gnu-tools-for-stm32.13.3.rel1.linux64_1.0.0.202410170706/tools/bin/../lib/gcc/arm-none-eabi/13.3.1/../../../../arm-none-eabi/lib/thumb/v7-m/nofp/libnosys.a
END GROUP
LOAD /opt/st/stm32cubeide_1.19.0/plugins/com.st.stm32cube.ide.mcu.externaltools.gnu-tools-for-stm32.13.3.rel1.linux64_1.0.0.202410170706/tools/bin/../lib/gcc/arm-none-eabi/13.3.1/thumb/v7-m/nofp/crtend.o
LOAD /opt/st/stm32cubeide_1.19.0/plugins/com.st.stm32cube.ide.mcu.externaltools.gnu-tools-for-stm32.13.3.rel1.linux64_1.0.0.202410170706/tools/bin/../lib/gcc/arm-none-eabi/13.3.1/thumb/v7-m/nofp/crtn.o
                0x20005000                        _estack = (ORIGIN (RAM) + LENGTH (RAM))
                0x00000200                        _Min_Heap_Size = 0x200
                0x00000400                        _Min_Stack_Size = 0x400

.isr_vector     0x08000000      0x10c
                0x08000000                        . = ALIGN (0x4)
 *(.isr_vector)
 .isr_vector    0x08000000      0x10c ./Core/Startup/startup_stm32f103rbtx.o
                0x08000000                g_pfnVectors
                0x0800010c                        . = ALIGN (0x4)

.text           0x0800010c     0x3b84
                0x0800010c                        . = ALIGN (0x4)
 *(.text)
 .text          0x0800010c       0x40 /opt/st/stm32cubeide_1.19.0/plugins/com.st.stm32cube.ide.mcu.externaltools.gnu-tools-for-stm32.13.3.rel1.linux64_1.0.0.202410170706/tools/bin/../lib/gcc/arm-none-eabi/13.3.1/thumb/v7-m/nofp/crtbegin.o
 .text          0x0800014c       0x10 /opt/st/stm32cubeide_1.19.0/plugins/com.st.stm32cube.ide.mcu.externaltools.gnu-tools-for-stm32.13.3.rel1.linux64_1.0.0.202410170706/tools/bin/../lib/gcc/arm-none-eabi/13.3.1/../../../../arm-none-eabi/lib/thumb/v7-m/nofp/libc_nano.a(libc_a-strlen.o)
                0x0800014c                strlen
 *(.text*)
 .text.main     0x0800015c       0x22 ./Core/Src/main.o
                0x0800015c                main
 .text.SystemClock_Config
                0x0800017e       0x82 ./Core/Src/main.o
                0x0800017e                SystemClock_Config
 .text.MX_USART2_UART_Init
                0x08000200       0x54 ./Core/Src/main.o
 .text.MX_GPIO_Init
                0x08000254       0xdc ./Core/Src/main.o
 .text.Error_Handler
                0x08000330        0xc ./Core/Src/main.o
                0x08000330                Error_Handler
 .text.HAL_MspInit
                0x0800033c       0x64 ./Core/Src/stm32f1xx_hal_msp.o
                0x0800033c                HAL_MspInit
 .text.HAL_UART_MspInit
                0x080003a0       0x7c ./Core/Src/stm32f1xx_hal_msp.o
                0x080003a0                HAL_UART_MspInit
 .text.NMI_Handler
                0x0800041c        0x8 ./Core/Src/stm32f1xx_it.o
                0x0800041c                NMI_Handler
 .text.HardFault_Handler
                0x08000424        0x8 ./Core/Src/stm32f1xx_it.o
                0x08000424                HardFault_Handler
 .text.MemManage_Handler
                0x0800042c        0x8 ./Core/Src/stm32f1xx_it.o
                0x0800042c                MemManage_Handler
 .text.BusFault_Handler
                0x08000434        0x8 ./Core/Src/stm32f1xx_it.o
                0x08000434                BusFault_Handler
 .text.UsageFault_Handler
                0x0800043c        0x8 ./Core/Src/stm32f1xx_it.o
                0x0800043c                UsageFault_Handler
 .text.SVC_Handler
                0x08000444        0xc ./Core/Src/stm32f1xx_it.o
                0x08000444                SVC_Handler
 .text.DebugMon_Handler
                0x08000450        0xc ./Core/Src/stm32f1xx_it.o
                0x08000450                DebugMon_Handler
 .text.PendSV_Handler
                0x0800045c        0xc ./Core/Src/stm32f1xx_it.o
                0x0800045c                PendSV_Handler
 .text.SysTick_Handler
                0x08000468       0x10 ./Core/Src/stm32f1xx_it.o
                0x08000468                SysTick_Handler
 .text.EXTI15_10_IRQHandler
                0x08000478       0x10 ./Core/Src/stm32f1xx_it.o
                0x08000478                EXTI15_10_IRQHandler
 .text._sbrk    0x08000488       0x6c ./Core/Src/sysmem.o
                0x08000488                _sbrk
 .text.SystemInit
                0x080004f4        0xc ./Core/Src/system_stm32f1xx.o
                0x080004f4                SystemInit
 .text.Reset_Handler
                0x08000500       0x48 ./Core/Startup/startup_stm32f103rbtx.o
                0x08000500                Reset_Handler
 .text.Default_Handler
                0x08000548        0x2 ./Core/Startup/startup_stm32f103rbtx.o
                0x08000548                RTC_Alarm_IRQHandler
                0x08000548                EXTI2_IRQHandler
                0x08000548                TIM1_CC_IRQHandler
                0x08000548                PVD_IRQHandler
                0x08000548                EXTI3_IRQHandler
                0x08000548                EXTI0_IRQHandler
                0x08000548                I2C2_EV_IRQHandler
                0x08000548                ADC1_2_IRQHandler
                0x08000548                SPI1_IRQHandler
                0x08000548                TAMPER_IRQHandler
                0x08000548                DMA1_Channel4_IRQHandler
                0x08000548                USART3_IRQHandler
                0x08000548                RTC_IRQHandler
                0x08000548                DMA1_Channel7_IRQHandler
                0x08000548                CAN1_RX1_IRQHandler
                0x08000548                TIM4_IRQHandler
                0x08000548                I2C1_EV_IRQHandler
                0x08000548                DMA1_Channel6_IRQHandler
                0x08000548                TIM3_IRQHandler
                0x08000548                RCC_IRQHandler
                0x08000548                TIM1_TRG_COM_IRQHandler
                0x08000548                DMA1_Channel1_IRQHandler
                0x08000548                Default_Handler
                0x08000548                EXTI9_5_IRQHandler
                0x08000548                SPI2_IRQHandler
                0x08000548                DMA1_Channel5_IRQHandler
                0x08000548                EXTI4_IRQHandler
                0x08000548                USB_LP_CAN1_RX0_IRQHandler
                0x08000548                USB_HP_CAN1_TX_IRQHandler
                0x08000548                DMA1_Channel3_IRQHandler
                0x08000548                TIM1_UP_IRQHandler
                0x08000548                WWDG_IRQHandler
                0x08000548                TIM2_IRQHandler
                0x08000548                TIM1_BRK_IRQHandler
                0x08000548                EXTI1_IRQHandler
                0x08000548                USART2_IRQHandler
                0x08000548                I2C2_ER_IRQHandler
                0x08000548                DMA1_Channel2_IRQHandler
                0x08000548                CAN1_SCE_IRQHandler
                0x08000548                FLASH_IRQHandler
                0x08000548                USART1_IRQHandler
                0x08000548                I2C1_ER_IRQHandler
                0x08000548                USBWakeUp_IRQHandler
 *fill*         0x0800054a        0x2 
 .text.HAL_Init
                0x0800054c       0x2c ./Drivers/STM32F1xx_HAL_Driver/Src/stm32f1xx_hal.o
                0x0800054c                HAL_Init
 .text.HAL_InitTick
                0x08000578       0x60 ./Drivers/STM32F1xx_HAL_Driver/Src/stm32f1xx_hal.o
                0x08000578                HAL_InitTick
 .text.HAL_IncTick
                0x080005d8       0x24 ./Drivers/STM32F1xx_HAL_Driver/Src/stm32f1xx_hal.o
                0x080005d8                HAL_IncTick
 .text.HAL_GetTick
                0x080005fc       0x14 ./Drivers/STM32F1xx_HAL_Driver/Src/stm32f1xx_hal.o
                0x080005fc                HAL_GetTick
 .text.__NVIC_SetPriorityGrouping
                0x08000610       0x48 ./Drivers/STM32F1xx_HAL_Driver/Src/stm32f1xx_hal_cortex.o
 .text.__NVIC_GetPriorityGrouping
                0x08000658       0x1c ./Drivers/STM32F1xx_HAL_Driver/Src/stm32f1xx_hal_cortex.o
 .text.__NVIC_EnableIRQ
                0x08000674       0x38 ./Drivers/STM32F1xx_HAL_Driver/Src/stm32f1xx_hal_cortex.o
 .text.__NVIC_SetPriority
                0x080006ac       0x54 ./Drivers/STM32F1xx_HAL_Driver/Src/stm32f1xx_hal_cortex.o
 .text.NVIC_EncodePriority
                0x08000700       0x64 ./Drivers/STM32F1xx_HAL_Driver/Src/stm32f1xx_hal_cortex.o
 .text.SysTick_Config
                0x08000764       0x44 ./Drivers/STM32F1xx_HAL_Driver/Src/stm32f1xx_hal_cortex.o
 .text.HAL_NVIC_SetPriorityGrouping
                0x080007a8       0x16 ./Drivers/STM32F1xx_HAL_Driver/Src/stm32f1xx_hal_cortex.o
                0x080007a8                HAL_NVIC_SetPriorityGrouping
 .text.HAL_NVIC_SetPriority
                0x080007be       0x38 ./Drivers/STM32F1xx_HAL_Driver/Src/stm32f1xx_hal_cortex.o
                0x080007be                HAL_NVIC_SetPriority
 .text.HAL_NVIC_EnableIRQ
                0x080007f6       0x1c ./Drivers/STM32F1xx_HAL_Driver/Src/stm32f1xx_hal_cortex.o
                0x080007f6                HAL_NVIC_EnableIRQ
 .text.HAL_SYSTICK_Config
                0x08000812       0x18 ./Drivers/STM32F1xx_HAL_Driver/Src/stm32f1xx_hal_cortex.o
                0x08000812                HAL_SYSTICK_Config
 .text.HAL_SYSTICK_IRQHandler
                0x0800082a        0xc ./Drivers/STM32F1xx_HAL_Driver/Src/stm32f1xx_hal_cortex.o
                0x0800082a                HAL_SYSTICK_IRQHandler
 *fill*         0x08000836        0x2 
 .text.HAL_GPIO_Init
                0x08000838      0x308 ./Drivers/STM32F1xx_HAL_Driver/Src/stm32f1xx_hal_gpio.o
                0x08000838                HAL_GPIO_Init
 .text.HAL_GPIO_ReadPin
                0x08000b40       0x2e ./Drivers/STM32F1xx_HAL_Driver/Src/stm32f1xx_hal_gpio.o
                0x08000b40                HAL_GPIO_ReadPin
 .text.HAL_GPIO_WritePin
                0x08000b6e       0x30 ./Drivers/STM32F1xx_HAL_Driver/Src/stm32f1xx_hal_gpio.o
                0x08000b6e                HAL_GPIO_WritePin
 *fill*         0x08000b9e        0x2 
 .text.HAL_GPIO_EXTI_IRQHandler
                0x08000ba0       0x30 ./Drivers/STM32F1xx_HAL_Driver/Src/stm32f1xx_hal_gpio.o
                0x08000ba0                HAL_GPIO_EXTI_IRQHandler
 .text.HAL_RCC_OscConfig
                0x08000bd0      0x504 ./Drivers/STM32F1xx_HAL_Driver/Src/stm32f1xx_hal_rcc.o
                0x08000bd0                HAL_RCC_OscConfig
 .text.HAL_RCC_ClockConfig
                0x080010d4      0x1d4 ./Drivers/STM32F1xx_HAL_Driver/Src/stm32f1xx_hal_rcc.o
                0x080010d4                HAL_RCC_ClockConfig
 .text.HAL_RCC_GetSysClockFreq
                0x080012a8       0xa8 ./Drivers/STM32F1xx_HAL_Driver/Src/stm32f1xx_hal_rcc.o
                0x080012a8                HAL_RCC_GetSysClockFreq
 .text.HAL_RCC_GetHCLKFreq
                0x08001350       0x14 ./Drivers/STM32F1xx_HAL_Driver/Src/stm32f1xx_hal_rcc.o
                0x08001350                HAL_RCC_GetHCLKFreq
 .text.HAL_RCC_GetPCLK1Freq
                0x08001364       0x28 ./Drivers/STM32F1xx_HAL_Driver/Src/stm32f1xx_hal_rcc.o
                0x08001364                HAL_RCC_GetPCLK1Freq
 .text.HAL_RCC_GetPCLK2Freq
                0x0800138c       0x28 ./Drivers/STM32F1xx_HAL_Driver/Src/stm32f1xx_hal_rcc.o
                0x0800138c                HAL_RCC_GetPCLK2Freq
 .text.RCC_Delay
                0x080013b4       0x3c ./Drivers/STM32F1xx_HAL_Driver/Src/stm32f1xx_hal_rcc.o
 .text.HAL_UART_Init
                0x080013f0       0xa0 ./Drivers/STM32F1xx_HAL_Driver/Src/stm32f1xx_hal_uart.o
                0x080013f0                HAL_UART_Init
 .text.UART_SetConfig
                0x08001490      0x11c ./Drivers/STM32F1xx_HAL_Driver/Src/stm32f1xx_hal_uart.o
 .text.app_init
                0x080015ac      0x22c ./app/src/app.o
                0x080015ac                app_init
 .text.app_update
                0x080017d8      0x180 ./app/src/app.o
                0x080017d8                app_update
 .text.app_it_init
                0x08001958       0x1c ./app/src/app_it.o
                0x08001958                app_it_init
 .text.HAL_SYSTICK_Callback
                0x08001974       0x1c ./app/src/app_it.o
                0x08001974                HAL_SYSTICK_Callback
 .text.HAL_GPIO_EXTI_Callback
                0x08001990       0x14 ./app/src/app_it.o
                0x08001990                HAL_GPIO_EXTI_Callback
 .text.logger_log_print_
                0x080019a4       0x28 ./app/src/logger.o
                0x080019a4                logger_log_print_
 .text.task_actuator_init
                0x080019cc      0x240 ./app/src/task_actuator.o
                0x080019cc                task_actuator_init
 .text.task_actuator_update
                0x08001c0c       0x2a ./app/src/task_actuator.o
                0x08001c0c                task_actuator_update
 *fill*         0x08001c36        0x2 
 .text.task_actuator_statechart
                0x08001c38       0xbc ./app/src/task_actuator.o
                0x08001c38                task_actuator_statechart
 .text.put_event_task_actuator
                0x08001cf4       0x34 ./app/src/task_actuator_interface.o
                0x08001cf4                put_event_task_actuator
 .text.task_sensor_init
                0x08001d28      0x1f8 ./app/src/task_sensor.o
                0x08001d28                task_sensor_init
 .text.task_sensor_update
                0x08001f20       0x2a ./app/src/task_sensor.o
                0x08001f20                task_sensor_update
 *fill*         0x08001f4a        0x2 
 .text.task_sensor_statechart
                0x08001f4c      0x16c ./app/src/task_sensor.o
                0x08001f4c                task_sensor_statechart
 .text.task_system_init
                0x080020b8      0x224 ./app/src/task_system.o
                0x080020b8                task_system_init
 .text.task_system_update
                0x080022dc       0x2c ./app/src/task_system.o
                0x080022dc                task_system_update
 .text.task_system_normal_statechart
                0x08002308       0xac ./app/src/task_system.o
                0x08002308                task_system_normal_statechart
 .text.task_system_set_mode
                0x080023b4       0x20 ./app/src/task_system.o
                0x080023b4                task_system_set_mode
 .text.init_event_task_system
                0x080023d4       0x48 ./app/src/task_system_interface.o
                0x080023d4                init_event_task_system
 .text.put_event_task_system
                0x0800241c       0x44 ./app/src/task_system_interface.o
                0x0800241c                put_event_task_system
 .text.get_event_task_system
                0x08002460       0x4c ./app/src/task_system_interface.o
                0x08002460                get_event_task_system
 .text.any_event_task_system
                0x080024ac       0x24 ./app/src/task_system_interface.o
                0x080024ac                any_event_task_system
 .text.findslot
                0x080024d0       0x34 /opt/st/stm32cubeide_1.19.0/plugins/com.st.stm32cube.ide.mcu.externaltools.gnu-tools-for-stm32.13.3.rel1.linux64_1.0.0.202410170706/tools/bin/../lib/gcc/arm-none-eabi/13.3.1/../../../../arm-none-eabi/lib/thumb/v7-m/nofp/librdimon_nano.a(arm_librdimon_a-syscalls.o)
 .text.error    0x08002504       0x1c /opt/st/stm32cubeide_1.19.0/plugins/com.st.stm32cube.ide.mcu.externaltools.gnu-tools-for-stm32.13.3.rel1.linux64_1.0.0.202410170706/tools/bin/../lib/gcc/arm-none-eabi/13.3.1/../../../../arm-none-eabi/lib/thumb/v7-m/nofp/librdimon_nano.a(arm_librdimon_a-syscalls.o)
 .text.checkerror
                0x08002520        0xa /opt/st/stm32cubeide_1.19.0/plugins/com.st.stm32cube.ide.mcu.externaltools.gnu-tools-for-stm32.13.3.rel1.linux64_1.0.0.202410170706/tools/bin/../lib/gcc/arm-none-eabi/13.3.1/../../../../arm-none-eabi/lib/thumb/v7-m/nofp/librdimon_nano.a(arm_librdimon_a-syscalls.o)
 .text._swiread
                0x0800252a       0x20 /opt/st/stm32cubeide_1.19.0/plugins/com.st.stm32cube.ide.mcu.externaltools.gnu-tools-for-stm32.13.3.rel1.linux64_1.0.0.202410170706/tools/bin/../lib/gcc/arm-none-eabi/13.3.1/../../../../arm-none-eabi/lib/thumb/v7-m/nofp/librdimon_nano.a(arm_librdimon_a-syscalls.o)
                0x0800252a                _swiread
 .text._read    0x0800254a       0x34 /opt/st/stm32cubeide_1.19.0/plugins/com.st.stm32cube.ide.mcu.externaltools.gnu-tools-for-stm32.13.3.rel1.linux64_1.0.0.202410170706/tools/bin/../lib/gcc/arm-none-eabi/13.3.1/../../../../arm-none-eabi/lib/thumb/v7-m/nofp/librdimon_nano.a(arm_librdimon_a-syscalls.o)
                0x0800254a                _read
 .text._swilseek
                0x0800257e       0x78 /opt/st/stm32cubeide_1.19.0/plugins/com.st.stm32cube.ide.mcu.externaltools.gnu-tools-for-stm32.13.3.rel1.linux64_1.0.0.202410170706/tools/bin/../lib/gcc/arm-none-eabi/13.3.1/../../../../arm-none-eabi/lib/thumb/v7-m/nofp/librdimon_nano.a(arm_librdimon_a-syscalls.o)
                0x0800257e                _swilseek
 .text._lseek   0x080025f6        0x4 /opt/st/stm32cubeide_1.19.0/plugins/com.st.stm32cube.ide.mcu.externaltools.gnu-tools-for-stm32.13.3.rel1.linux64_1.0.0.202410170706/tools/bin/../lib/gcc/arm-none-eabi/13.3.1/../../../../arm-none-eabi/lib/thumb/v7-m/nofp/librdimon_nano.a(arm_librdimon_a-syscalls.o)
                0x080025f6                _lseek
 .text._swiwrite
                0x080025fa       0x20 /opt/st/stm32cubeide_1.19.0/plugins/com.st.stm32cube.ide.mcu.externaltools.gnu-tools-for-stm32.13.3.rel1.linux64_1.0.0.202410170706/tools/bin/../lib/gcc/arm-none-eabi/13.3.1/../../../../arm-none-eabi/lib/thumb/v7-m/nofp/librdimon_nano.a(arm_librdimon_a-syscalls.o)
                0x080025fa                _swiwrite
 .text._write   0x0800261a       0x40 /opt/st/stm32cubeide_1.19.0/plugins/com.st.stm32cube.ide.mcu.externaltools.gnu-tools-for-stm32.13.3.rel1.linux64_1.0.0.202410170706/tools/bin/../lib/gcc/arm-none-eabi/13.3.1/../../../../arm-none-eabi/lib/thumb/v7-m/nofp/librdimon_nano.a(arm_librdimon_a-syscalls.o)
                0x0800261a                _write
 .text._swiclose
                0x0800265a       0x1a /opt/st/stm32cubeide_1.19.0/plugins/com.st.stm32cube.ide.mcu.externaltools.gnu-tools-for-stm32.13.3.rel1.linux64_1.0.0.202410170706/tools/bin/../lib/gcc/arm-none-eabi/13.3.1/../../../../arm-none-eabi/lib/thumb/v7-m/nofp/librdimon_nano.a(arm_librdimon_a-syscalls.o)
                0x0800265a                _swiclose
 .text._close   0x08002674       0x4c /opt/st/stm32cubeide_1.19.0/plugins/com.st.stm32cube.ide.mcu.externaltools.gnu-tools-for-stm32.13.3.rel1.linux64_1.0.0.202410170706/tools/bin/../lib/gcc/arm-none-eabi/13.3.1/../../../../arm-none-eabi/lib/thumb/v7-m/nofp/librdimon_nano.a(arm_librdimon_a-syscalls.o)
                0x08002674                _close
 .text._swistat
                0x080026c0       0x42 /opt/st/stm32cubeide_1.19.0/plugins/com.st.stm32cube.ide.mcu.externaltools.gnu-tools-for-stm32.13.3.rel1.linux64_1.0.0.202410170706/tools/bin/../lib/gcc/arm-none-eabi/13.3.1/../../../../arm-none-eabi/lib/thumb/v7-m/nofp/librdimon_nano.a(arm_librdimon_a-syscalls.o)
                0x080026c0                _swistat
 .text._fstat   0x08002702       0x1c /opt/st/stm32cubeide_1.19.0/plugins/com.st.stm32cube.ide.mcu.externaltools.gnu-tools-for-stm32.13.3.rel1.linux64_1.0.0.202410170706/tools/bin/../lib/gcc/arm-none-eabi/13.3.1/../../../../arm-none-eabi/lib/thumb/v7-m/nofp/librdimon_nano.a(arm_librdimon_a-syscalls.o)
                0x08002702                _fstat
 .text._stat    0x0800271e       0x3a /opt/st/stm32cubeide_1.19.0/plugins/com.st.stm32cube.ide.mcu.externaltools.gnu-tools-for-stm32.13.3.rel1.linux64_1.0.0.202410170706/tools/bin/../lib/gcc/arm-none-eabi/13.3.1/../../../../arm-none-eabi/lib/thumb/v7-m/nofp/librdimon_nano.a(arm_librdimon_a-syscalls.o)
                0x0800271e                _stat
 .text._swiopen
                0x08002758       0xb4 /opt/st/stm32cubeide_1.19.0/plugins/com.st.stm32cube.ide.mcu.externaltools.gnu-tools-for-stm32.13.3.rel1.linux64_1.0.0.202410170706/tools/bin/../lib/gcc/arm-none-eabi/13.3.1/../../../../arm-none-eabi/lib/thumb/v7-m/nofp/librdimon_nano.a(arm_librdimon_a-syscalls.o)
                0x08002758                _swiopen
 .text._get_semihosting_exts
                0x0800280c       0xb4 /opt/st/stm32cubeide_1.19.0/plugins/com.st.stm32cube.ide.mcu.externaltools.gnu-tools-for-stm32.13.3.rel1.linux64_1.0.0.202410170706/tools/bin/../lib/gcc/arm-none-eabi/13.3.1/../../../../arm-none-eabi/lib/thumb/v7-m/nofp/librdimon_nano.a(arm_librdimon_a-syscalls.o)
                0x0800280c                _get_semihosting_exts
 .text.initialise_semihosting_exts
                0x080028c0       0x34 /opt/st/stm32cubeide_1.19.0/plugins/com.st.stm32cube.ide.mcu.externaltools.gnu-tools-for-stm32.13.3.rel1.linux64_1.0.0.202410170706/tools/bin/../lib/gcc/arm-none-eabi/13.3.1/../../../../arm-none-eabi/lib/thumb/v7-m/nofp/librdimon_nano.a(arm_librdimon_a-syscalls.o)
 .text._has_ext_stdout_stderr
                0x080028f4       0x18 /opt/st/stm32cubeide_1.19.0/plugins/com.st.stm32cube.ide.mcu.externaltools.gnu-tools-for-stm32.13.3.rel1.linux64_1.0.0.202410170706/tools/bin/../lib/gcc/arm-none-eabi/13.3.1/../../../../arm-none-eabi/lib/thumb/v7-m/nofp/librdimon_nano.a(arm_librdimon_a-syscalls.o)
                0x080028f4                _has_ext_stdout_stderr
 .text.initialise_monitor_handles
                0x0800290c       0xc0 /opt/st/stm32cubeide_1.19.0/plugins/com.st.stm32cube.ide.mcu.externaltools.gnu-tools-for-stm32.13.3.rel1.linux64_1.0.0.202410170706/tools/bin/../lib/gcc/arm-none-eabi/13.3.1/../../../../arm-none-eabi/lib/thumb/v7-m/nofp/librdimon_nano.a(arm_librdimon_a-syscalls.o)
                0x0800290c                initialise_monitor_handles
 .text._isatty  0x080029cc       0x3a /opt/st/stm32cubeide_1.19.0/plugins/com.st.stm32cube.ide.mcu.externaltools.gnu-tools-for-stm32.13.3.rel1.linux64_1.0.0.202410170706/tools/bin/../lib/gcc/arm-none-eabi/13.3.1/../../../../arm-none-eabi/lib/thumb/v7-m/nofp/librdimon_nano.a(arm_librdimon_a-syscalls.o)
                0x080029cc                _isatty
 *fill*         0x08002a06        0x2 
 .text.__sflush_r
                0x08002a08      0x100 /opt/st/stm32cubeide_1.19.0/plugins/com.st.stm32cube.ide.mcu.externaltools.gnu-tools-for-stm32.13.3.rel1.linux64_1.0.0.202410170706/tools/bin/../lib/gcc/arm-none-eabi/13.3.1/../../../../arm-none-eabi/lib/thumb/v7-m/nofp/libc_nano.a(libc_a-fflush.o)
                0x08002a08                __sflush_r
 .text._fflush_r
                0x08002b08       0x50 /opt/st/stm32cubeide_1.19.0/plugins/com.st.stm32cube.ide.mcu.externaltools.gnu-tools-for-stm32.13.3.rel1.linux64_1.0.0.202410170706/tools/bin/../lib/gcc/arm-none-eabi/13.3.1/../../../../arm-none-eabi/lib/thumb/v7-m/nofp/libc_nano.a(libc_a-fflush.o)
                0x08002b08                _fflush_r
 .text.fflush   0x08002b58       0x28 /opt/st/stm32cubeide_1.19.0/plugins/com.st.stm32cube.ide.mcu.externaltools.gnu-tools-for-stm32.13.3.rel1.linux64_1.0.0.202410170706/tools/bin/../lib/gcc/arm-none-eabi/13.3.1/../../../../arm-none-eabi/lib/thumb/v7-m/nofp/libc_nano.a(libc_a-fflush.o)
                0x08002b58                fflush
 .text.std      0x08002b80       0x6c /opt/st/stm32cubeide_1.19.0/plugins/com.st.stm32cube.ide.mcu.externaltools.gnu-tools-for-stm32.13.3.rel1.linux64_1.0.0.202410170706/tools/bin/../lib/gcc/arm-none-eabi/13.3.1/../../../../arm-none-eabi/lib/thumb/v7-m/nofp/libc_nano.a(libc_a-findfp.o)
 .text.stdio_exit_handler
                0x08002bec       0x18 /opt/st/stm32cubeide_1.19.0/plugins/com.st.stm32cube.ide.mcu.externaltools.gnu-tools-for-stm32.13.3.rel1.linux64_1.0.0.202410170706/tools/bin/../lib/gcc/arm-none-eabi/13.3.1/../../../../arm-none-eabi/lib/thumb/v7-m/nofp/libc_nano.a(libc_a-findfp.o)
 .text.cleanup_stdio
                0x08002c04       0x40 /opt/st/stm32cubeide_1.19.0/plugins/com.st.stm32cube.ide.mcu.externaltools.gnu-tools-for-stm32.13.3.rel1.linux64_1.0.0.202410170706/tools/bin/../lib/gcc/arm-none-eabi/13.3.1/../../../../arm-none-eabi/lib/thumb/v7-m/nofp/libc_nano.a(libc_a-findfp.o)
 .text.global_stdio_init.part.0
                0x08002c44       0x3c /opt/st/stm32cubeide_1.19.0/plugins/com.st.stm32cube.ide.mcu.externaltools.gnu-tools-for-stm32.13.3.rel1.linux64_1.0.0.202410170706/tools/bin/../lib/gcc/arm-none-eabi/13.3.1/../../../../arm-none-eabi/lib/thumb/v7-m/nofp/libc_nano.a(libc_a-findfp.o)
 .text.__sfp_lock_acquire
                0x08002c80        0xc /opt/st/stm32cubeide_1.19.0/plugins/com.st.stm32cube.ide.mcu.externaltools.gnu-tools-for-stm32.13.3.rel1.linux64_1.0.0.202410170706/tools/bin/../lib/gcc/arm-none-eabi/13.3.1/../../../../arm-none-eabi/lib/thumb/v7-m/nofp/libc_nano.a(libc_a-findfp.o)
                0x08002c80                __sfp_lock_acquire
 .text.__sfp_lock_release
                0x08002c8c        0xc /opt/st/stm32cubeide_1.19.0/plugins/com.st.stm32cube.ide.mcu.externaltools.gnu-tools-for-stm32.13.3.rel1.linux64_1.0.0.202410170706/tools/bin/../lib/gcc/arm-none-eabi/13.3.1/../../../../arm-none-eabi/lib/thumb/v7-m/nofp/libc_nano.a(libc_a-findfp.o)
                0x08002c8c                __sfp_lock_release
 .text.__sinit  0x08002c98       0x30 /opt/st/stm32cubeide_1.19.0/plugins/com.st.stm32cube.ide.mcu.externaltools.gnu-tools-for-stm32.13.3.rel1.linux64_1.0.0.202410170706/tools/bin/../lib/gcc/arm-none-eabi/13.3.1/../../../../arm-none-eabi/lib/thumb/v7-m/nofp/libc_nano.a(libc_a-findfp.o)
                0x08002c98                __sinit
 .text._fwalk_sglue
                0x08002cc8       0x3c /opt/st/stm32cubeide_1.19.0/plugins/com.st.stm32cube.ide.mcu.externaltools.gnu-tools-for-stm32.13.3.rel1.linux64_1.0.0.202410170706/tools/bin/../lib/gcc/arm-none-eabi/13.3.1/../../../../arm-none-eabi/lib/thumb/v7-m/nofp/libc_nano.a(libc_a-fwalk.o)
                0x08002cc8                _fwalk_sglue
 .text.printf   0x08002d04       0x24 /opt/st/stm32cubeide_1.19.0/plugins/com.st.stm32cube.ide.mcu.externaltools.gnu-tools-for-stm32.13.3.rel1.linux64_1.0.0.202410170706/tools/bin/../lib/gcc/arm-none-eabi/13.3.1/../../../../arm-none-eabi/lib/thumb/v7-m/nofp/libc_nano.a(libc_a-printf.o)
                0x08002d04                printf
                0x08002d04                iprintf
 .text.snprintf
                0x08002d28       0x6c /opt/st/stm32cubeide_1.19.0/plugins/com.st.stm32cube.ide.mcu.externaltools.gnu-tools-for-stm32.13.3.rel1.linux64_1.0.0.202410170706/tools/bin/../lib/gcc/arm-none-eabi/13.3.1/../../../../arm-none-eabi/lib/thumb/v7-m/nofp/libc_nano.a(libc_a-snprintf.o)
                0x08002d28                snprintf
                0x08002d28                sniprintf
 .text.__sread  0x08002d94       0x22 /opt/st/stm32cubeide_1.19.0/plugins/com.st.stm32cube.ide.mcu.externaltools.gnu-tools-for-stm32.13.3.rel1.linux64_1.0.0.202410170706/tools/bin/../lib/gcc/arm-none-eabi/13.3.1/../../../../arm-none-eabi/lib/thumb/v7-m/nofp/libc_nano.a(libc_a-stdio.o)
                0x08002d94                __sread
 .text.__swrite
                0x08002db6       0x38 /opt/st/stm32cubeide_1.19.0/plugins/com.st.stm32cube.ide.mcu.externaltools.gnu-tools-for-stm32.13.3.rel1.linux64_1.0.0.202410170706/tools/bin/../lib/gcc/arm-none-eabi/13.3.1/../../../../arm-none-eabi/lib/thumb/v7-m/nofp/libc_nano.a(libc_a-stdio.o)
                0x08002db6                __swrite
 .text.__sseek  0x08002dee       0x24 /opt/st/stm32cubeide_1.19.0/plugins/com.st.stm32cube.ide.mcu.externaltools.gnu-tools-for-stm32.13.3.rel1.linux64_1.0.0.202410170706/tools/bin/../lib/gcc/arm-none-eabi/13.3.1/../../../../arm-none-eabi/lib/thumb/v7-m/nofp/libc_nano.a(libc_a-stdio.o)
                0x08002dee                __sseek
 .text.__sclose
                0x08002e12        0x8 /opt/st/stm32cubeide_1.19.0/plugins/com.st.stm32cube.ide.mcu.externaltools.gnu-tools-for-stm32.13.3.rel1.linux64_1.0.0.202410170706/tools/bin/../lib/gcc/arm-none-eabi/13.3.1/../../../../arm-none-eabi/lib/thumb/v7-m/nofp/libc_nano.a(libc_a-stdio.o)
                0x08002e12                __sclose
 .text.memset   0x08002e1a       0x10 /opt/st/stm32cubeide_1.19.0/plugins/com.st.stm32cube.ide.mcu.externaltools.gnu-tools-for-stm32.13.3.rel1.linux64_1.0.0.202410170706/tools/bin/../lib/gcc/arm-none-eabi/13.3.1/../../../../arm-none-eabi/lib/thumb/v7-m/nofp/libc_nano.a(libc_a-memset.o)
                0x08002e1a                memset
 *fill*         0x08002e2a        0x2 
 .text._close_r
                0x08002e2c       0x20 /opt/st/stm32cubeide_1.19.0/plugins/com.st.stm32cube.ide.mcu.externaltools.gnu-tools-for-stm32.13.3.rel1.linux64_1.0.0.202410170706/tools/bin/../lib/gcc/arm-none-eabi/13.3.1/../../../../arm-none-eabi/lib/thumb/v7-m/nofp/libc_nano.a(libc_a-closer.o)
                0x08002e2c                _close_r
 .text._lseek_r
                0x08002e4c       0x24 /opt/st/stm32cubeide_1.19.0/plugins/com.st.stm32cube.ide.mcu.externaltools.gnu-tools-for-stm32.13.3.rel1.linux64_1.0.0.202410170706/tools/bin/../lib/gcc/arm-none-eabi/13.3.1/../../../../arm-none-eabi/lib/thumb/v7-m/nofp/libc_nano.a(libc_a-lseekr.o)
                0x08002e4c                _lseek_r
 .text._read_r  0x08002e70       0x24 /opt/st/stm32cubeide_1.19.0/plugins/com.st.stm32cube.ide.mcu.externaltools.gnu-tools-for-stm32.13.3.rel1.linux64_1.0.0.202410170706/tools/bin/../lib/gcc/arm-none-eabi/13.3.1/../../../../arm-none-eabi/lib/thumb/v7-m/nofp/libc_nano.a(libc_a-readr.o)
                0x08002e70                _read_r
 .text._write_r
                0x08002e94       0x24 /opt/st/stm32cubeide_1.19.0/plugins/com.st.stm32cube.ide.mcu.externaltools.gnu-tools-for-stm32.13.3.rel1.linux64_1.0.0.202410170706/tools/bin/../lib/gcc/arm-none-eabi/13.3.1/../../../../arm-none-eabi/lib/thumb/v7-m/nofp/libc_nano.a(libc_a-writer.o)
                0x08002e94                _write_r
 .text.__errno  0x08002eb8        0xc /opt/st/stm32cubeide_1.19.0/plugins/com.st.stm32cube.ide.mcu.externaltools.gnu-tools-for-stm32.13.3.rel1.linux64_1.0.0.202410170706/tools/bin/../lib/gcc/arm-none-eabi/13.3.1/../../../../arm-none-eabi/lib/thumb/v7-m/nofp/libc_nano.a(libc_a-errno.o)
                0x08002eb8                __errno
 .text.__libc_init_array
                0x08002ec4       0x48 /opt/st/stm32cubeide_1.19.0/plugins/com.st.stm32cube.ide.mcu.externaltools.gnu-tools-for-stm32.13.3.rel1.linux64_1.0.0.202410170706/tools/bin/../lib/gcc/arm-none-eabi/13.3.1/../../../../arm-none-eabi/lib/thumb/v7-m/nofp/libc_nano.a(libc_a-init.o)
                0x08002ec4                __libc_init_array
 .text.__retarget_lock_init_recursive
                0x08002f0c        0x2 /opt/st/stm32cubeide_1.19.0/plugins/com.st.stm32cube.ide.mcu.externaltools.gnu-tools-for-stm32.13.3.rel1.linux64_1.0.0.202410170706/tools/bin/../lib/gcc/arm-none-eabi/13.3.1/../../../../arm-none-eabi/lib/thumb/v7-m/nofp/libc_nano.a(libc_a-lock.o)
                0x08002f0c                __retarget_lock_init_recursive
 .text.__retarget_lock_acquire_recursive
                0x08002f0e        0x2 /opt/st/stm32cubeide_1.19.0/plugins/com.st.stm32cube.ide.mcu.externaltools.gnu-tools-for-stm32.13.3.rel1.linux64_1.0.0.202410170706/tools/bin/../lib/gcc/arm-none-eabi/13.3.1/../../../../arm-none-eabi/lib/thumb/v7-m/nofp/libc_nano.a(libc_a-lock.o)
                0x08002f0e                __retarget_lock_acquire_recursive
 .text.__retarget_lock_release_recursive
                0x08002f10        0x2 /opt/st/stm32cubeide_1.19.0/plugins/com.st.stm32cube.ide.mcu.externaltools.gnu-tools-for-stm32.13.3.rel1.linux64_1.0.0.202410170706/tools/bin/../lib/gcc/arm-none-eabi/13.3.1/../../../../arm-none-eabi/lib/thumb/v7-m/nofp/libc_nano.a(libc_a-lock.o)
                0x08002f10                __retarget_lock_release_recursive
 *fill*         0x08002f12        0x2 
 .text._free_r  0x08002f14       0x90 /opt/st/stm32cubeide_1.19.0/plugins/com.st.stm32cube.ide.mcu.externaltools.gnu-tools-for-stm32.13.3.rel1.linux64_1.0.0.202410170706/tools/bin/../lib/gcc/arm-none-eabi/13.3.1/../../../../arm-none-eabi/lib/thumb/v7-m/nofp/libc_nano.a(libc_a-freer.o)
                0x08002f14                _free_r
 .text.sbrk_aligned
                0x08002fa4       0x44 /opt/st/stm32cubeide_1.19.0/plugins/com.st.stm32cube.ide.mcu.externaltools.gnu-tools-for-stm32.13.3.rel1.linux64_1.0.0.202410170706/tools/bin/../lib/gcc/arm-none-eabi/13.3.1/../../../../arm-none-eabi/lib/thumb/v7-m/nofp/libc_nano.a(libc_a-mallocr.o)
 .text._malloc_r
                0x08002fe8      0x100 /opt/st/stm32cubeide_1.19.0/plugins/com.st.stm32cube.ide.mcu.externaltools.gnu-tools-for-stm32.13.3.rel1.linux64_1.0.0.202410170706/tools/bin/../lib/gcc/arm-none-eabi/13.3.1/../../../../arm-none-eabi/lib/thumb/v7-m/nofp/libc_nano.a(libc_a-mallocr.o)
                0x08002fe8                _malloc_r
 .text.__malloc_lock
                0x080030e8        0xc /opt/st/stm32cubeide_1.19.0/plugins/com.st.stm32cube.ide.mcu.externaltools.gnu-tools-for-stm32.13.3.rel1.linux64_1.0.0.202410170706/tools/bin/../lib/gcc/arm-none-eabi/13.3.1/../../../../arm-none-eabi/lib/thumb/v7-m/nofp/libc_nano.a(libc_a-mlock.o)
                0x080030e8                __malloc_lock
 .text.__malloc_unlock
                0x080030f4        0xc /opt/st/stm32cubeide_1.19.0/plugins/com.st.stm32cube.ide.mcu.externaltools.gnu-tools-for-stm32.13.3.rel1.linux64_1.0.0.202410170706/tools/bin/../lib/gcc/arm-none-eabi/13.3.1/../../../../arm-none-eabi/lib/thumb/v7-m/nofp/libc_nano.a(libc_a-mlock.o)
                0x080030f4                __malloc_unlock
 .text.__ssputs_r
                0x08003100       0xb6 /opt/st/stm32cubeide_1.19.0/plugins/com.st.stm32cube.ide.mcu.externaltools.gnu-tools-for-stm32.13.3.rel1.linux64_1.0.0.202410170706/tools/bin/../lib/gcc/arm-none-eabi/13.3.1/../../../../arm-none-eabi/lib/thumb/v7-m/nofp/libc_nano.a(libc_a-nano-svfprintf.o)
                0x08003100                __ssputs_r
 *fill*         0x080031b6        0x2 
 .text._svfprintf_r
                0x080031b8      0x1f8 /opt/st/stm32cubeide_1.19.0/plugins/com.st.stm32cube.ide.mcu.externaltools.gnu-tools-for-stm32.13.3.rel1.linux64_1.0.0.202410170706/tools/bin/../lib/gcc/arm-none-eabi/13.3.1/../../../../arm-none-eabi/lib/thumb/v7-m/nofp/libc_nano.a(libc_a-nano-svfprintf.o)
                0x080031b8                _svfprintf_r
                0x080031b8                _svfiprintf_r
 .text.__sfputc_r
                0x080033b0       0x2a /opt/st/stm32cubeide_1.19.0/plugins/com.st.stm32cube.ide.mcu.externaltools.gnu-tools-for-stm32.13.3.rel1.linux64_1.0.0.202410170706/tools/bin/../lib/gcc/arm-none-eabi/13.3.1/../../../../arm-none-eabi/lib/thumb/v7-m/nofp/libc_nano.a(libc_a-nano-vfprintf.o)
 .text.__sfputs_r
                0x080033da       0x24 /opt/st/stm32cubeide_1.19.0/plugins/com.st.stm32cube.ide.mcu.externaltools.gnu-tools-for-stm32.13.3.rel1.linux64_1.0.0.202410170706/tools/bin/../lib/gcc/arm-none-eabi/13.3.1/../../../../arm-none-eabi/lib/thumb/v7-m/nofp/libc_nano.a(libc_a-nano-vfprintf.o)
                0x080033da                __sfputs_r
 *fill*         0x080033fe        0x2 
 .text._vfprintf_r
                0x08003400      0x230 /opt/st/stm32cubeide_1.19.0/plugins/com.st.stm32cube.ide.mcu.externaltools.gnu-tools-for-stm32.13.3.rel1.linux64_1.0.0.202410170706/tools/bin/../lib/gcc/arm-none-eabi/13.3.1/../../../../arm-none-eabi/lib/thumb/v7-m/nofp/libc_nano.a(libc_a-nano-vfprintf.o)
                0x08003400                _vfiprintf_r
                0x08003400                _vfprintf_r
 .text._printf_common
                0x08003630       0xe4 /opt/st/stm32cubeide_1.19.0/plugins/com.st.stm32cube.ide.mcu.externaltools.gnu-tools-for-stm32.13.3.rel1.linux64_1.0.0.202410170706/tools/bin/../lib/gcc/arm-none-eabi/13.3.1/../../../../arm-none-eabi/lib/thumb/v7-m/nofp/libc_nano.a(libc_a-nano-vfprintf_i.o)
                0x08003630                _printf_common
 .text._printf_i
                0x08003714      0x23c /opt/st/stm32cubeide_1.19.0/plugins/com.st.stm32cube.ide.mcu.externaltools.gnu-tools-for-stm32.13.3.rel1.linux64_1.0.0.202410170706/tools/bin/../lib/gcc/arm-none-eabi/13.3.1/../../../../arm-none-eabi/lib/thumb/v7-m/nofp/libc_nano.a(libc_a-nano-vfprintf_i.o)
                0x08003714                _printf_i
 .text.__swbuf_r
                0x08003950       0x7c /opt/st/stm32cubeide_1.19.0/plugins/com.st.stm32cube.ide.mcu.externaltools.gnu-tools-for-stm32.13.3.rel1.linux64_1.0.0.202410170706/tools/bin/../lib/gcc/arm-none-eabi/13.3.1/../../../../arm-none-eabi/lib/thumb/v7-m/nofp/libc_nano.a(libc_a-wbuf.o)
                0x08003950                __swbuf_r
 .text.__swsetup_r
                0x080039cc       0xac /opt/st/stm32cubeide_1.19.0/plugins/com.st.stm32cube.ide.mcu.externaltools.gnu-tools-for-stm32.13.3.rel1.linux64_1.0.0.202410170706/tools/bin/../lib/gcc/arm-none-eabi/13.3.1/../../../../arm-none-eabi/lib/thumb/v7-m/nofp/libc_nano.a(libc_a-wsetup.o)
                0x080039cc                __swsetup_r
 .text.memmove  0x08003a78       0x34 /opt/st/stm32cubeide_1.19.0/plugins/com.st.stm32cube.ide.mcu.externaltools.gnu-tools-for-stm32.13.3.rel1.linux64_1.0.0.202410170706/tools/bin/../lib/gcc/arm-none-eabi/13.3.1/../../../../arm-none-eabi/lib/thumb/v7-m/nofp/libc_nano.a(libc_a-memmove.o)
                0x08003a78                memmove
 .text._sbrk_r  0x08003aac       0x20 /opt/st/stm32cubeide_1.19.0/plugins/com.st.stm32cube.ide.mcu.externaltools.gnu-tools-for-stm32.13.3.rel1.linux64_1.0.0.202410170706/tools/bin/../lib/gcc/arm-none-eabi/13.3.1/../../../../arm-none-eabi/lib/thumb/v7-m/nofp/libc_nano.a(libc_a-sbrkr.o)
                0x08003aac                _sbrk_r
 .text.memchr   0x08003acc       0x1c /opt/st/stm32cubeide_1.19.0/plugins/com.st.stm32cube.ide.mcu.externaltools.gnu-tools-for-stm32.13.3.rel1.linux64_1.0.0.202410170706/tools/bin/../lib/gcc/arm-none-eabi/13.3.1/../../../../arm-none-eabi/lib/thumb/v7-m/nofp/libc_nano.a(libc_a-memchr-stub.o)
                0x08003acc                memchr
 .text.memcpy   0x08003ae8       0x1c /opt/st/stm32cubeide_1.19.0/plugins/com.st.stm32cube.ide.mcu.externaltools.gnu-tools-for-stm32.13.3.rel1.linux64_1.0.0.202410170706/tools/bin/../lib/gcc/arm-none-eabi/13.3.1/../../../../arm-none-eabi/lib/thumb/v7-m/nofp/libc_nano.a(libc_a-memcpy-stub.o)
                0x08003ae8                memcpy
 .text._realloc_r
                0x08003b04       0x5c /opt/st/stm32cubeide_1.19.0/plugins/com.st.stm32cube.ide.mcu.externaltools.gnu-tools-for-stm32.13.3.rel1.linux64_1.0.0.202410170706/tools/bin/../lib/gcc/arm-none-eabi/13.3.1/../../../../arm-none-eabi/lib/thumb/v7-m/nofp/libc_nano.a(libc_a-reallocr.o)
                0x08003b04                _realloc_r
 .text.__swhatbuf_r
                0x08003b60       0x4a /opt/st/stm32cubeide_1.19.0/plugins/com.st.stm32cube.ide.mcu.externaltools.gnu-tools-for-stm32.13.3.rel1.linux64_1.0.0.202410170706/tools/bin/../lib/gcc/arm-none-eabi/13.3.1/../../../../arm-none-eabi/lib/thumb/v7-m/nofp/libc_nano.a(libc_a-makebuf.o)
                0x08003b60                __swhatbuf_r
 .text.__smakebuf_r
                0x08003baa       0x78 /opt/st/stm32cubeide_1.19.0/plugins/com.st.stm32cube.ide.mcu.externaltools.gnu-tools-for-stm32.13.3.rel1.linux64_1.0.0.202410170706/tools/bin/../lib/gcc/arm-none-eabi/13.3.1/../../../../arm-none-eabi/lib/thumb/v7-m/nofp/libc_nano.a(libc_a-makebuf.o)
                0x08003baa                __smakebuf_r
 *fill*         0x08003c22        0x2 
 .text._fstat_r
                0x08003c24       0x24 /opt/st/stm32cubeide_1.19.0/plugins/com.st.stm32cube.ide.mcu.externaltools.gnu-tools-for-stm32.13.3.rel1.linux64_1.0.0.202410170706/tools/bin/../lib/gcc/arm-none-eabi/13.3.1/../../../../arm-none-eabi/lib/thumb/v7-m/nofp/libc_nano.a(libc_a-fstatr.o)
                0x08003c24                _fstat_r
 .text._isatty_r
                0x08003c48       0x20 /opt/st/stm32cubeide_1.19.0/plugins/com.st.stm32cube.ide.mcu.externaltools.gnu-tools-for-stm32.13.3.rel1.linux64_1.0.0.202410170706/tools/bin/../lib/gcc/arm-none-eabi/13.3.1/../../../../arm-none-eabi/lib/thumb/v7-m/nofp/libc_nano.a(libc_a-isattyr.o)
                0x08003c48                _isatty_r
 .text._malloc_usable_size_r
                0x08003c68       0x10 /opt/st/stm32cubeide_1.19.0/plugins/com.st.stm32cube.ide.mcu.externaltools.gnu-tools-for-stm32.13.3.rel1.linux64_1.0.0.202410170706/tools/bin/../lib/gcc/arm-none-eabi/13.3.1/../../../../arm-none-eabi/lib/thumb/v7-m/nofp/libc_nano.a(libc_a-msizer.o)
                0x08003c68                _malloc_usable_size_r
 *(.glue_7)
 .glue_7        0x08003c78        0x0 linker stubs
 *(.glue_7t)
 .glue_7t       0x08003c78        0x0 linker stubs
 *(.eh_frame)
 .eh_frame      0x08003c78        0x0 /opt/st/stm32cubeide_1.19.0/plugins/com.st.stm32cube.ide.mcu.externaltools.gnu-tools-for-stm32.13.3.rel1.linux64_1.0.0.202410170706/tools/bin/../lib/gcc/arm-none-eabi/13.3.1/thumb/v7-m/nofp/crtbegin.o
 *(.init)
 .init          0x08003c78        0x4 /opt/st/stm32cubeide_1.19.0/plugins/com.st.stm32cube.ide.mcu.externaltools.gnu-tools-for-stm32.13.3.rel1.linux64_1.0.0.202410170706/tools/bin/../lib/gcc/arm-none-eabi/13.3.1/thumb/v7-m/nofp/crti.o
                0x08003c78                _init
 .init          0x08003c7c        0x8 /opt/st/stm32cubeide_1.19.0/plugins/com.st.stm32cube.ide.mcu.externaltools.gnu-tools-for-stm32.13.3.rel1.linux64_1.0.0.202410170706/tools/bin/../lib/gcc/arm-none-eabi/13.3.1/thumb/v7-m/nofp/crtn.o
 *(.fini)
 .fini          0x08003c84        0x4 /opt/st/stm32cubeide_1.19.0/plugins/com.st.stm32cube.ide.mcu.externaltools.gnu-tools-for-stm32.13.3.rel1.linux64_1.0.0.202410170706/tools/bin/../lib/gcc/arm-none-eabi/13.3.1/thumb/v7-m/nofp/crti.o
                0x08003c84                _fini
 .fini          0x08003c88        0x8 /opt/st/stm32cubeide_1.19.0/plugins/com.st.stm32cube.ide.mcu.externaltools.gnu-tools-for-stm32.13.3.rel1.linux64_1.0.0.202410170706/tools/bin/../lib/gcc/arm-none-eabi/13.3.1/thumb/v7-m/nofp/crtn.o
                0x08003c90                        . = ALIGN (0x4)
                0x08003c90                        _etext = .

.vfp11_veneer   0x08003c90        0x0
 .vfp11_veneer  0x08003c90        0x0 linker stubs

.v4_bx          0x08003c90        0x0
 .v4_bx         0x08003c90        0x0 linker stubs

.iplt           0x08003c90        0x0
 .iplt          0x08003c90        0x0 /opt/st/stm32cubeide_1.19.0/plugins/com.st.stm32cube.ide.mcu.externaltools.gnu-tools-for-stm32.13.3.rel1.linux64_1.0.0.202410170706/tools/bin/../lib/gcc/arm-none-eabi/13.3.1/thumb/v7-m/nofp/crtbegin.o

.rodata         0x08003c90      0x4c0
                0x08003c90                        . = ALIGN (0x4)
 *(.rodata)
 .rodata        0x08003c90       0xd6 ./app/src/app.o
 *fill*         0x08003d66        0x2 
 .rodata        0x08003d68      0x11e ./app/src/task_actuator.o
 *fill*         0x08003e86        0x2 
 .rodata        0x08003e88       0xf6 ./app/src/task_sensor.o
 *fill*         0x08003f7e        0x2 
 .rodata        0x08003f80      0x106 ./app/src/task_system.o
 *(.rodata*)
 *fill*         0x08004086        0x2 
 .rodata.AHBPrescTable
                0x08004088       0x10 ./Core/Src/system_stm32f1xx.o
                0x08004088                AHBPrescTable
 .rodata.APBPrescTable
                0x08004098        0x8 ./Core/Src/system_stm32f1xx.o
                0x08004098                APBPrescTable
 .rodata.aPLLMULFactorTable.1
                0x080040a0       0x10 ./Drivers/STM32F1xx_HAL_Driver/Src/stm32f1xx_hal_rcc.o
 .rodata.aPredivFactorTable.0
                0x080040b0        0x2 ./Drivers/STM32F1xx_HAL_Driver/Src/stm32f1xx_hal_rcc.o
 *fill*         0x080040b2        0x2 
 .rodata.task_cfg_list
                0x080040b4       0x24 ./app/src/app.o
                0x080040b4                task_cfg_list
 .rodata.logger_msg
                0x080040d8        0x4 ./app/src/logger.o
                0x080040d8                logger_msg
 .rodata.task_actuator_cfg_list
                0x080040dc       0x10 ./app/src/task_actuator.o
                0x080040dc                task_actuator_cfg_list
 .rodata.task_sensor_cfg_list
                0x080040ec       0x14 ./app/src/task_sensor.o
                0x080040ec                task_sensor_cfg_list
 .rodata._get_semihosting_exts.str1.1
                0x08004100       0x4d /opt/st/stm32cubeide_1.19.0/plugins/com.st.stm32cube.ide.mcu.externaltools.gnu-tools-for-stm32.13.3.rel1.linux64_1.0.0.202410170706/tools/bin/../lib/gcc/arm-none-eabi/13.3.1/../../../../arm-none-eabi/lib/thumb/v7-m/nofp/librdimon_nano.a(arm_librdimon_a-syscalls.o)
                                 0x16 (size before relaxing)
 .rodata.initialise_monitor_handles.str1.1
                0x0800414d        0x4 /opt/st/stm32cubeide_1.19.0/plugins/com.st.stm32cube.ide.mcu.externaltools.gnu-tools-for-stm32.13.3.rel1.linux64_1.0.0.202410170706/tools/bin/../lib/gcc/arm-none-eabi/13.3.1/../../../../arm-none-eabi/lib/thumb/v7-m/nofp/librdimon_nano.a(arm_librdimon_a-syscalls.o)
 .rodata._svfprintf_r.str1.1
                0x0800414d       0x11 /opt/st/stm32cubeide_1.19.0/plugins/com.st.stm32cube.ide.mcu.externaltools.gnu-tools-for-stm32.13.3.rel1.linux64_1.0.0.202410170706/tools/bin/../lib/gcc/arm-none-eabi/13.3.1/../../../../arm-none-eabi/lib/thumb/v7-m/nofp/libc_nano.a(libc_a-nano-svfprintf.o)
 .rodata._vfprintf_r.str1.1
                0x0800414d       0x11 /opt/st/stm32cubeide_1.19.0/plugins/com.st.stm32cube.ide.mcu.externaltools.gnu-tools-for-stm32.13.3.rel1.linux64_1.0.0.202410170706/tools/bin/../lib/gcc/arm-none-eabi/13.3.1/../../../../arm-none-eabi/lib/thumb/v7-m/nofp/libc_nano.a(libc_a-nano-vfprintf.o)
 .rodata._printf_i.str1.1
                0x0800414d       0x22 /opt/st/stm32cubeide_1.19.0/plugins/com.st.stm32cube.ide.mcu.externaltools.gnu-tools-for-stm32.13.3.rel1.linux64_1.0.0.202410170706/tools/bin/../lib/gcc/arm-none-eabi/13.3.1/../../../../arm-none-eabi/lib/thumb/v7-m/nofp/libc_nano.a(libc_a-nano-vfprintf_i.o)
                0x08004170                        . = ALIGN (0x4)
 *fill*         0x0800414d        0x3 

.ARM.extab      0x08004150        0x0
                0x08004150                        . = ALIGN (0x4)
 *(.ARM.extab* .gnu.linkonce.armextab.*)
                0x08004150                        . = ALIGN (0x4)

.ARM            0x08004150        0x8
                0x08004150                        . = ALIGN (0x4)
                0x08004150                        __exidx_start = .
 *(.ARM.exidx*)
 .ARM.exidx     0x08004150        0x8 /opt/st/stm32cubeide_1.19.0/plugins/com.st.stm32cube.ide.mcu.externaltools.gnu-tools-for-stm32.13.3.rel1.linux64_1.0.0.202410170706/tools/bin/../lib/gcc/arm-none-eabi/13.3.1/../../../../arm-none-eabi/lib/thumb/v7-m/nofp/libc_nano.a(libc_a-strlen.o)
                0x08004158                        __exidx_end = .
                0x08004158                        . = ALIGN (0x4)

.preinit_array  0x08004158        0x0
                0x08004158                        . = ALIGN (0x4)
                0x08004158                        PROVIDE (__preinit_array_start = .)
 *(.preinit_array*)
                0x08004158                        PROVIDE (__preinit_array_end = .)
                0x08004158                        . = ALIGN (0x4)

.init_array     0x08004158        0x4
                0x08004158                        . = ALIGN (0x4)
                0x08004158                        PROVIDE (__init_array_start = .)
 *(SORT_BY_NAME(.init_array.*))
 *(.init_array*)
 .init_array    0x08004158        0x4 /opt/st/stm32cubeide_1.19.0/plugins/com.st.stm32cube.ide.mcu.externaltools.gnu-tools-for-stm32.13.3.rel1.linux64_1.0.0.202410170706/tools/bin/../lib/gcc/arm-none-eabi/13.3.1/thumb/v7-m/nofp/crtbegin.o
                0x0800415c                        PROVIDE (__init_array_end = .)
                0x0800415c                        . = ALIGN (0x4)

.fini_array     0x0800415c        0x4
                0x0800415c                        . = ALIGN (0x4)
                [!provide]                        PROVIDE (__fini_array_start = .)
 *(SORT_BY_NAME(.fini_array.*))
 *(.fini_array*)
 .fini_array    0x0800415c        0x4 /opt/st/stm32cubeide_1.19.0/plugins/com.st.stm32cube.ide.mcu.externaltools.gnu-tools-for-stm32.13.3.rel1.linux64_1.0.0.202410170706/tools/bin/../lib/gcc/arm-none-eabi/13.3.1/thumb/v7-m/nofp/crtbegin.o
                [!provide]                        PROVIDE (__fini_array_end = .)
                0x08004160                        . = ALIGN (0x4)
                0x08004160                        _sidata = LOADADDR (.data)

.rel.dyn        0x08004160        0x0
 .rel.iplt      0x08004160        0x0 /opt/st/stm32cubeide_1.19.0/plugins/com.st.stm32cube.ide.mcu.externaltools.gnu-tools-for-stm32.13.3.rel1.linux64_1.0.0.202410170706/tools/bin/../lib/gcc/arm-none-eabi/13.3.1/thumb/v7-m/nofp/crtbegin.o

.data           0x20000000       0xa0 load address 0x08004160
                0x20000000                        . = ALIGN (0x4)
                0x20000000                        _sdata = .
 *(.data)
 *(.data*)
 .data.SystemCoreClock
                0x20000000        0x4 ./Core/Src/system_stm32f1xx.o
                0x20000000                SystemCoreClock
 .data.uwTickPrio
                0x20000004        0x4 ./Drivers/STM32F1xx_HAL_Driver/Src/stm32f1xx_hal.o
                0x20000004                uwTickPrio
 .data.uwTickFreq
                0x20000008        0x1 ./Drivers/STM32F1xx_HAL_Driver/Src/stm32f1xx_hal.o
                0x20000008                uwTickFreq
 *fill*         0x20000009        0x3 
 .data.p_app    0x2000000c        0x4 ./app/src/app.o
                0x2000000c                p_app
 .data.p_app_   0x20000010        0x4 ./app/src/app.o
                0x20000010                p_app_
 .data.p_app__  0x20000014        0x4 ./app/src/app.o
                0x20000014                p_app__
 .data.p_task_actuator
                0x20000018        0x4 ./app/src/task_actuator.o
                0x20000018                p_task_actuator
 .data.p_task_actuator_
                0x2000001c        0x4 ./app/src/task_actuator.o
                0x2000001c                p_task_actuator_
 .data.p_task_actuator__
                0x20000020        0x4 ./app/src/task_actuator.o
                0x20000020                p_task_actuator__
 .data.p_task_sensor
                0x20000024        0x4 ./app/src/task_sensor.o
                0x20000024                p_task_sensor
 .data.p_task_sensor_
                0x20000028        0x4 ./app/src/task_sensor.o
                0x20000028                p_task_sensor_
 .data.p_task_sensor__
                0x2000002c        0x4 ./app/src/task_sensor.o
                0x2000002c                p_task_sensor__
 .data.p_task_system
                0x20000030        0x4 ./app/src/task_system.o
                0x20000030                p_task_system
 .data.p_task_system_
                0x20000034        0x4 ./app/src/task_system.o
                0x20000034                p_task_system_
 .data.p_task_system__
                0x20000038        0x4 ./app/src/task_system.o
                0x20000038                p_task_system__
 .data.supports_ext_stdout_stderr
                0x2000003c        0x4 /opt/st/stm32cubeide_1.19.0/plugins/com.st.stm32cube.ide.mcu.externaltools.gnu-tools-for-stm32.13.3.rel1.linux64_1.0.0.202410170706/tools/bin/../lib/gcc/arm-none-eabi/13.3.1/../../../../arm-none-eabi/lib/thumb/v7-m/nofp/librdimon_nano.a(arm_librdimon_a-syscalls.o)
 .data.supports_ext_exit_extended
                0x20000040        0x4 /opt/st/stm32cubeide_1.19.0/plugins/com.st.stm32cube.ide.mcu.externaltools.gnu-tools-for-stm32.13.3.rel1.linux64_1.0.0.202410170706/tools/bin/../lib/gcc/arm-none-eabi/13.3.1/../../../../arm-none-eabi/lib/thumb/v7-m/nofp/librdimon_nano.a(arm_librdimon_a-syscalls.o)
 .data.__sglue  0x20000044        0xc /opt/st/stm32cubeide_1.19.0/plugins/com.st.stm32cube.ide.mcu.externaltools.gnu-tools-for-stm32.13.3.rel1.linux64_1.0.0.202410170706/tools/bin/../lib/gcc/arm-none-eabi/13.3.1/../../../../arm-none-eabi/lib/thumb/v7-m/nofp/libc_nano.a(libc_a-findfp.o)
                0x20000044                __sglue
 .data._impure_ptr
                0x20000050        0x4 /opt/st/stm32cubeide_1.19.0/plugins/com.st.stm32cube.ide.mcu.externaltools.gnu-tools-for-stm32.13.3.rel1.linux64_1.0.0.202410170706/tools/bin/../lib/gcc/arm-none-eabi/13.3.1/../../../../arm-none-eabi/lib/thumb/v7-m/nofp/libc_nano.a(libc_a-impure.o)
                0x20000050                _impure_ptr
 .data._impure_data
                0x20000054       0x4c /opt/st/stm32cubeide_1.19.0/plugins/com.st.stm32cube.ide.mcu.externaltools.gnu-tools-for-stm32.13.3.rel1.linux64_1.0.0.202410170706/tools/bin/../lib/gcc/arm-none-eabi/13.3.1/../../../../arm-none-eabi/lib/thumb/v7-m/nofp/libc_nano.a(libc_a-impure.o)
                0x20000054                _impure_data
 *(.RamFunc)
 *(.RamFunc*)
                0x200000a0                        . = ALIGN (0x4)
                0x200000a0                        _edata = .

.igot.plt       0x200000a0        0x0 load address 0x08004200
 .igot.plt      0x200000a0        0x0 /opt/st/stm32cubeide_1.19.0/plugins/com.st.stm32cube.ide.mcu.externaltools.gnu-tools-for-stm32.13.3.rel1.linux64_1.0.0.202410170706/tools/bin/../lib/gcc/arm-none-eabi/13.3.1/thumb/v7-m/nofp/crtbegin.o
                0x200000a0                        . = ALIGN (0x4)

.bss            0x200000a0      0x31c load address 0x08004200
                0x200000a0                        _sbss = .
                0x200000a0                        __bss_start__ = _sbss
 *(.bss)
 .bss           0x200000a0       0x1c /opt/st/stm32cubeide_1.19.0/plugins/com.st.stm32cube.ide.mcu.externaltools.gnu-tools-for-stm32.13.3.rel1.linux64_1.0.0.202410170706/tools/bin/../lib/gcc/arm-none-eabi/13.3.1/thumb/v7-m/nofp/crtbegin.o
 *(.bss*)
 .bss.huart2    0x200000bc       0x48 ./Core/Src/main.o
                0x200000bc                huart2
 .bss.__sbrk_heap_end
                0x20000104        0x4 ./Core/Src/sysmem.o
 .bss.uwTick    0x20000108        0x4 ./Drivers/STM32F1xx_HAL_Driver/Src/stm32f1xx_hal.o
                0x20000108                uwTick
 .bss.g_app_cnt
                0x2000010c        0x4 ./app/src/app.o
                0x2000010c                g_app_cnt
 .bss.g_app_runtime_us
                0x20000110        0x4 ./app/src/app.o
                0x20000110                g_app_runtime_us
 .bss.task_dta_list
                0x20000114       0x30 ./app/src/app.o
                0x20000114                task_dta_list
 .bss.g_app_tick_cnt
                0x20000144        0x4 ./app/src/app_it.o
                0x20000144                g_app_tick_cnt
 .bss.logger_msg_buffer_
                0x20000148       0x40 ./app/src/logger.o
 .bss.logger_msg_len
                0x20000188        0x4 ./app/src/logger.o
                0x20000188                logger_msg_len
 .bss.task_actuator_dta_list
                0x2000018c        0x8 ./app/src/task_actuator.o
                0x2000018c                task_actuator_dta_list
 .bss.task_sensor_dta_list
                0x20000194        0x8 ./app/src/task_sensor.o
                0x20000194                task_sensor_dta_list
 .bss.task_system_dta_list
                0x2000019c        0x8 ./app/src/task_system.o
                0x2000019c                task_system_dta_list
 .bss.g_task_system_mode
                0x200001a4        0x1 ./app/src/task_system.o
                0x200001a4                g_task_system_mode
 *fill*         0x200001a5        0x3 
 .bss.event_task_system_queue
                0x200001a8       0x1c ./app/src/task_system_interface.o
                0x200001a8                event_task_system_queue
 .bss.monitor_stderr
                0x200001c4        0x4 /opt/st/stm32cubeide_1.19.0/plugins/com.st.stm32cube.ide.mcu.externaltools.gnu-tools-for-stm32.13.3.rel1.linux64_1.0.0.202410170706/tools/bin/../lib/gcc/arm-none-eabi/13.3.1/../../../../arm-none-eabi/lib/thumb/v7-m/nofp/librdimon_nano.a(arm_librdimon_a-syscalls.o)
 .bss.monitor_stdout
                0x200001c8        0x4 /opt/st/stm32cubeide_1.19.0/plugins/com.st.stm32cube.ide.mcu.externaltools.gnu-tools-for-stm32.13.3.rel1.linux64_1.0.0.202410170706/tools/bin/../lib/gcc/arm-none-eabi/13.3.1/../../../../arm-none-eabi/lib/thumb/v7-m/nofp/librdimon_nano.a(arm_librdimon_a-syscalls.o)
 .bss.monitor_stdin
                0x200001cc        0x4 /opt/st/stm32cubeide_1.19.0/plugins/com.st.stm32cube.ide.mcu.externaltools.gnu-tools-for-stm32.13.3.rel1.linux64_1.0.0.202410170706/tools/bin/../lib/gcc/arm-none-eabi/13.3.1/../../../../arm-none-eabi/lib/thumb/v7-m/nofp/librdimon_nano.a(arm_librdimon_a-syscalls.o)
 .bss.openfiles
                0x200001d0       0xa0 /opt/st/stm32cubeide_1.19.0/plugins/com.st.stm32cube.ide.mcu.externaltools.gnu-tools-for-stm32.13.3.rel1.linux64_1.0.0.202410170706/tools/bin/../lib/gcc/arm-none-eabi/13.3.1/../../../../arm-none-eabi/lib/thumb/v7-m/nofp/librdimon_nano.a(arm_librdimon_a-syscalls.o)
 .bss.__sf      0x20000270      0x138 /opt/st/stm32cubeide_1.19.0/plugins/com.st.stm32cube.ide.mcu.externaltools.gnu-tools-for-stm32.13.3.rel1.linux64_1.0.0.202410170706/tools/bin/../lib/gcc/arm-none-eabi/13.3.1/../../../../arm-none-eabi/lib/thumb/v7-m/nofp/libc_nano.a(libc_a-findfp.o)
                0x20000270                __sf
 .bss.__stdio_exit_handler
                0x200003a8        0x4 /opt/st/stm32cubeide_1.19.0/plugins/com.st.stm32cube.ide.mcu.externaltools.gnu-tools-for-stm32.13.3.rel1.linux64_1.0.0.202410170706/tools/bin/../lib/gcc/arm-none-eabi/13.3.1/../../../../arm-none-eabi/lib/thumb/v7-m/nofp/libc_nano.a(libc_a-findfp.o)
                0x200003a8                __stdio_exit_handler
 .bss.errno     0x200003ac        0x4 /opt/st/stm32cubeide_1.19.0/plugins/com.st.stm32cube.ide.mcu.externaltools.gnu-tools-for-stm32.13.3.rel1.linux64_1.0.0.202410170706/tools/bin/../lib/gcc/arm-none-eabi/13.3.1/../../../../arm-none-eabi/lib/thumb/v7-m/nofp/libc_nano.a(libc_a-reent.o)
                0x200003ac                errno
 .bss.__lock___malloc_recursive_mutex
                0x200003b0        0x1 /opt/st/stm32cubeide_1.19.0/plugins/com.st.stm32cube.ide.mcu.externaltools.gnu-tools-for-stm32.13.3.rel1.linux64_1.0.0.202410170706/tools/bin/../lib/gcc/arm-none-eabi/13.3.1/../../../../arm-none-eabi/lib/thumb/v7-m/nofp/libc_nano.a(libc_a-lock.o)
                0x200003b0                __lock___malloc_recursive_mutex
 .bss.__lock___sfp_recursive_mutex
                0x200003b1        0x1 /opt/st/stm32cubeide_1.19.0/plugins/com.st.stm32cube.ide.mcu.externaltools.gnu-tools-for-stm32.13.3.rel1.linux64_1.0.0.202410170706/tools/bin/../lib/gcc/arm-none-eabi/13.3.1/../../../../arm-none-eabi/lib/thumb/v7-m/nofp/libc_nano.a(libc_a-lock.o)
                0x200003b1                __lock___sfp_recursive_mutex
 *fill*         0x200003b2        0x2 
 .bss.__malloc_sbrk_start
                0x200003b4        0x4 /opt/st/stm32cubeide_1.19.0/plugins/com.st.stm32cube.ide.mcu.externaltools.gnu-tools-for-stm32.13.3.rel1.linux64_1.0.0.202410170706/tools/bin/../lib/gcc/arm-none-eabi/13.3.1/../../../../arm-none-eabi/lib/thumb/v7-m/nofp/libc_nano.a(libc_a-mallocr.o)
                0x200003b4                __malloc_sbrk_start
 .bss.__malloc_free_list
                0x200003b8        0x4 /opt/st/stm32cubeide_1.19.0/plugins/com.st.stm32cube.ide.mcu.externaltools.gnu-tools-for-stm32.13.3.rel1.linux64_1.0.0.202410170706/tools/bin/../lib/gcc/arm-none-eabi/13.3.1/../../../../arm-none-eabi/lib/thumb/v7-m/nofp/libc_nano.a(libc_a-mallocr.o)
                0x200003b8                __malloc_free_list
 *(COMMON)
                0x200003bc                        . = ALIGN (0x4)
                0x200003bc                        _ebss = .
                0x200003bc                        __bss_end__ = _ebss

._user_heap_stack
                0x200003bc      0x604 load address 0x08004200
                0x200003c0                        . = ALIGN (0x8)
 *fill*         0x200003bc        0x4 
                0x200003c0                        PROVIDE (end = .)
                0x200003c0                        PROVIDE (_end = .)
                0x200005c0                        . = (. + _Min_Heap_Size)
 *fill*         0x200003c0      0x200 
                0x200009c0                        . = (. + _Min_Stack_Size)
 *fill*         0x200005c0      0x400 
                0x200009c0                        . = ALIGN (0x8)

/DISCARD/
 libc.a(*)
 libm.a(*)
 libgcc.a(*)

.ARM.attributes
                0x00000000       0x29
 *(.ARM.attributes)
 .ARM.attributes
                0x00000000       0x1d /opt/st/stm32cubeide_1.19.0/plugins/com.st.stm32cube.ide.mcu.externaltools.gnu-tools-for-stm32.13.3.rel1.linux64_1.0.0.202410170706/tools/bin/../lib/gcc/arm-none-eabi/13.3.1/thumb/v7-m/nofp/crti.o
 .ARM.attributes
                0x0000001d       0x2d /opt/st/stm32cubeide_1.19.0/plugins/com.st.stm32cube.ide.mcu.externaltools.gnu-tools-for-stm32.13.3.rel1.linux64_1.0.0.202410170706/tools/bin/../lib/gcc/arm-none-eabi/13.3.1/thumb/v7-m/nofp/crtbegin.o
 .ARM.attributes
                0x0000004a       0x2d ./Core/Src/main.o
 .ARM.attributes
                0x00000077       0x2d ./Core/Src/stm32f1xx_hal_msp.o
 .ARM.attributes
                0x000000a4       0x2d ./Core/Src/stm32f1xx_it.o
 .ARM.attributes
                0x000000d1       0x2d ./Core/Src/sysmem.o
 .ARM.attributes
                0x000000fe       0x2d ./Core/Src/system_stm32f1xx.o
 .ARM.attributes
                0x0000012b       0x21 ./Core/Startup/startup_stm32f103rbtx.o
 .ARM.attributes
                0x0000014c       0x2d ./Drivers/STM32F1xx_HAL_Driver/Src/stm32f1xx_hal.o
 .ARM.attributes
                0x00000179       0x2d ./Drivers/STM32F1xx_HAL_Driver/Src/stm32f1xx_hal_cortex.o
 .ARM.attributes
                0x000001a6       0x2d ./Drivers/STM32F1xx_HAL_Driver/Src/stm32f1xx_hal_gpio.o
 .ARM.attributes
                0x000001d3       0x2d ./Drivers/STM32F1xx_HAL_Driver/Src/stm32f1xx_hal_rcc.o
 .ARM.attributes
                0x00000200       0x2d ./Drivers/STM32F1xx_HAL_Driver/Src/stm32f1xx_hal_uart.o
 .ARM.attributes
                0x0000022d       0x2d ./app/src/app.o
 .ARM.attributes
                0x0000025a       0x2d ./app/src/app_it.o
 .ARM.attributes
                0x00000287       0x2d ./app/src/logger.o
 .ARM.attributes
                0x000002b4       0x2d ./app/src/task_actuator.o
 .ARM.attributes
                0x000002e1       0x2d ./app/src/task_actuator_interface.o
 .ARM.attributes
                0x0000030e       0x2d ./app/src/task_sensor.o
 .ARM.attributes
                0x0000033b       0x2d ./app/src/task_system.o
 .ARM.attributes
                0x00000368       0x2d ./app/src/task_system_interface.o
 .ARM.attributes
                0x00000395       0x2d /opt/st/stm32cubeide_1.19.0/plugins/com.st.stm32cube.ide.mcu.externaltools.gnu-tools-for-stm32.13.3.rel1.linux64_1.0.0.202410170706/tools/bin/../lib/gcc/arm-none-eabi/13.3.1/../../../../arm-none-eabi/lib/thumb/v7-m/nofp/librdimon_nano.a(arm_librdimon_a-syscalls.o)
 .ARM.attributes
                0x000003c2       0x2d /opt/st/stm32cubeide_1.19.0/plugins/com.st.stm32cube.ide.mcu.externaltools.gnu-tools-for-stm32.13.3.rel1.linux64_1.0.0.202410170706/tools/bin/../lib/gcc/arm-none-eabi/13.3.1/../../../../arm-none-eabi/lib/thumb/v7-m/nofp/libc_nano.a(libc_a-fflush.o)
 .ARM.attributes
                0x000003ef       0x2d /opt/st/stm32cubeide_1.19.0/plugins/com.st.stm32cube.ide.mcu.externaltools.gnu-tools-for-stm32.13.3.rel1.linux64_1.0.0.202410170706/tools/bin/../lib/gcc/arm-none-eabi/13.3.1/../../../../arm-none-eabi/lib/thumb/v7-m/nofp/libc_nano.a(libc_a-findfp.o)
 .ARM.attributes
                0x0000041c       0x2d /opt/st/stm32cubeide_1.19.0/plugins/com.st.stm32cube.ide.mcu.externaltools.gnu-tools-for-stm32.13.3.rel1.linux64_1.0.0.202410170706/tools/bin/../lib/gcc/arm-none-eabi/13.3.1/../../../../arm-none-eabi/lib/thumb/v7-m/nofp/libc_nano.a(libc_a-fwalk.o)
 .ARM.attributes
                0x00000449       0x2d /opt/st/stm32cubeide_1.19.0/plugins/com.st.stm32cube.ide.mcu.externaltools.gnu-tools-for-stm32.13.3.rel1.linux64_1.0.0.202410170706/tools/bin/../lib/gcc/arm-none-eabi/13.3.1/../../../../arm-none-eabi/lib/thumb/v7-m/nofp/libc_nano.a(libc_a-printf.o)
 .ARM.attributes
                0x00000476       0x2d /opt/st/stm32cubeide_1.19.0/plugins/com.st.stm32cube.ide.mcu.externaltools.gnu-tools-for-stm32.13.3.rel1.linux64_1.0.0.202410170706/tools/bin/../lib/gcc/arm-none-eabi/13.3.1/../../../../arm-none-eabi/lib/thumb/v7-m/nofp/libc_nano.a(libc_a-snprintf.o)
 .ARM.attributes
                0x000004a3       0x2d /opt/st/stm32cubeide_1.19.0/plugins/com.st.stm32cube.ide.mcu.externaltools.gnu-tools-for-stm32.13.3.rel1.linux64_1.0.0.202410170706/tools/bin/../lib/gcc/arm-none-eabi/13.3.1/../../../../arm-none-eabi/lib/thumb/v7-m/nofp/libc_nano.a(libc_a-stdio.o)
 .ARM.attributes
                0x000004d0       0x2d /opt/st/stm32cubeide_1.19.0/plugins/com.st.stm32cube.ide.mcu.externaltools.gnu-tools-for-stm32.13.3.rel1.linux64_1.0.0.202410170706/tools/bin/../lib/gcc/arm-none-eabi/13.3.1/../../../../arm-none-eabi/lib/thumb/v7-m/nofp/libc_nano.a(libc_a-memset.o)
 .ARM.attributes
                0x000004fd       0x2d /opt/st/stm32cubeide_1.19.0/plugins/com.st.stm32cube.ide.mcu.externaltools.gnu-tools-for-stm32.13.3.rel1.linux64_1.0.0.202410170706/tools/bin/../lib/gcc/arm-none-eabi/13.3.1/../../../../arm-none-eabi/lib/thumb/v7-m/nofp/libc_nano.a(libc_a-closer.o)
 .ARM.attributes
                0x0000052a       0x2d /opt/st/stm32cubeide_1.19.0/plugins/com.st.stm32cube.ide.mcu.externaltools.gnu-tools-for-stm32.13.3.rel1.linux64_1.0.0.202410170706/tools/bin/../lib/gcc/arm-none-eabi/13.3.1/../../../../arm-none-eabi/lib/thumb/v7-m/nofp/libc_nano.a(libc_a-reent.o)
 .ARM.attributes
                0x00000557       0x2d /opt/st/stm32cubeide_1.19.0/plugins/com.st.stm32cube.ide.mcu.externaltools.gnu-tools-for-stm32.13.3.rel1.linux64_1.0.0.202410170706/tools/bin/../lib/gcc/arm-none-eabi/13.3.1/../../../../arm-none-eabi/lib/thumb/v7-m/nofp/libc_nano.a(libc_a-impure.o)
 .ARM.attributes
                0x00000584       0x2d /opt/st/stm32cubeide_1.19.0/plugins/com.st.stm32cube.ide.mcu.externaltools.gnu-tools-for-stm32.13.3.rel1.linux64_1.0.0.202410170706/tools/bin/../lib/gcc/arm-none-eabi/13.3.1/../../../../arm-none-eabi/lib/thumb/v7-m/nofp/libc_nano.a(libc_a-lseekr.o)
 .ARM.attributes
                0x000005b1       0x2d /opt/st/stm32cubeide_1.19.0/plugins/com.st.stm32cube.ide.mcu.externaltools.gnu-tools-for-stm32.13.3.rel1.linux64_1.0.0.202410170706/tools/bin/../lib/gcc/arm-none-eabi/13.3.1/../../../../arm-none-eabi/lib/thumb/v7-m/nofp/libc_nano.a(libc_a-readr.o)
 .ARM.attributes
                0x000005de       0x2d /opt/st/stm32cubeide_1.19.0/plugins/com.st.stm32cube.ide.mcu.externaltools.gnu-tools-for-stm32.13.3.rel1.linux64_1.0.0.202410170706/tools/bin/../lib/gcc/arm-none-eabi/13.3.1/../../../../arm-none-eabi/lib/thumb/v7-m/nofp/libc_nano.a(libc_a-writer.o)
 .ARM.attributes
                0x0000060b       0x2d /opt/st/stm32cubeide_1.19.0/plugins/com.st.stm32cube.ide.mcu.externaltools.gnu-tools-for-stm32.13.3.rel1.linux64_1.0.0.202410170706/tools/bin/../lib/gcc/arm-none-eabi/13.3.1/../../../../arm-none-eabi/lib/thumb/v7-m/nofp/libc_nano.a(libc_a-errno.o)
 .ARM.attributes
                0x00000638       0x2d /opt/st/stm32cubeide_1.19.0/plugins/com.st.stm32cube.ide.mcu.externaltools.gnu-tools-for-stm32.13.3.rel1.linux64_1.0.0.202410170706/tools/bin/../lib/gcc/arm-none-eabi/13.3.1/../../../../arm-none-eabi/lib/thumb/v7-m/nofp/libc_nano.a(libc_a-init.o)
 .ARM.attributes
                0x00000665       0x2d /opt/st/stm32cubeide_1.19.0/plugins/com.st.stm32cube.ide.mcu.externaltools.gnu-tools-for-stm32.13.3.rel1.linux64_1.0.0.202410170706/tools/bin/../lib/gcc/arm-none-eabi/13.3.1/../../../../arm-none-eabi/lib/thumb/v7-m/nofp/libc_nano.a(libc_a-lock.o)
 .ARM.attributes
                0x00000692       0x17 /opt/st/stm32cubeide_1.19.0/plugins/com.st.stm32cube.ide.mcu.externaltools.gnu-tools-for-stm32.13.3.rel1.linux64_1.0.0.202410170706/tools/bin/../lib/gcc/arm-none-eabi/13.3.1/../../../../arm-none-eabi/lib/thumb/v7-m/nofp/libc_nano.a(libc_a-strlen.o)
 .ARM.attributes
                0x000006a9       0x2d /opt/st/stm32cubeide_1.19.0/plugins/com.st.stm32cube.ide.mcu.externaltools.gnu-tools-for-stm32.13.3.rel1.linux64_1.0.0.202410170706/tools/bin/../lib/gcc/arm-none-eabi/13.3.1/../../../../arm-none-eabi/lib/thumb/v7-m/nofp/libc_nano.a(libc_a-freer.o)
 .ARM.attributes
                0x000006d6       0x2d /opt/st/stm32cubeide_1.19.0/plugins/com.st.stm32cube.ide.mcu.externaltools.gnu-tools-for-stm32.13.3.rel1.linux64_1.0.0.202410170706/tools/bin/../lib/gcc/arm-none-eabi/13.3.1/../../../../arm-none-eabi/lib/thumb/v7-m/nofp/libc_nano.a(libc_a-mallocr.o)
 .ARM.attributes
                0x00000703       0x2d /opt/st/stm32cubeide_1.19.0/plugins/com.st.stm32cube.ide.mcu.externaltools.gnu-tools-for-stm32.13.3.rel1.linux64_1.0.0.202410170706/tools/bin/../lib/gcc/arm-none-eabi/13.3.1/../../../../arm-none-eabi/lib/thumb/v7-m/nofp/libc_nano.a(libc_a-mlock.o)
 .ARM.attributes
                0x00000730       0x2d /opt/st/stm32cubeide_1.19.0/plugins/com.st.stm32cube.ide.mcu.externaltools.gnu-tools-for-stm32.13.3.rel1.linux64_1.0.0.202410170706/tools/bin/../lib/gcc/arm-none-eabi/13.3.1/../../../../arm-none-eabi/lib/thumb/v7-m/nofp/libc_nano.a(libc_a-nano-svfprintf.o)
 .ARM.attributes
                0x0000075d       0x2d /opt/st/stm32cubeide_1.19.0/plugins/com.st.stm32cube.ide.mcu.externaltools.gnu-tools-for-stm32.13.3.rel1.linux64_1.0.0.202410170706/tools/bin/../lib/gcc/arm-none-eabi/13.3.1/../../../../arm-none-eabi/lib/thumb/v7-m/nofp/libc_nano.a(libc_a-nano-vfprintf.o)
 .ARM.attributes
                0x0000078a       0x2d /opt/st/stm32cubeide_1.19.0/plugins/com.st.stm32cube.ide.mcu.externaltools.gnu-tools-for-stm32.13.3.rel1.linux64_1.0.0.202410170706/tools/bin/../lib/gcc/arm-none-eabi/13.3.1/../../../../arm-none-eabi/lib/thumb/v7-m/nofp/libc_nano.a(libc_a-nano-vfprintf_i.o)
 .ARM.attributes
                0x000007b7       0x2d /opt/st/stm32cubeide_1.19.0/plugins/com.st.stm32cube.ide.mcu.externaltools.gnu-tools-for-stm32.13.3.rel1.linux64_1.0.0.202410170706/tools/bin/../lib/gcc/arm-none-eabi/13.3.1/../../../../arm-none-eabi/lib/thumb/v7-m/nofp/libc_nano.a(libc_a-wbuf.o)
 .ARM.attributes
                0x000007e4       0x2d /opt/st/stm32cubeide_1.19.0/plugins/com.st.stm32cube.ide.mcu.externaltools.gnu-tools-for-stm32.13.3.rel1.linux64_1.0.0.202410170706/tools/bin/../lib/gcc/arm-none-eabi/13.3.1/../../../../arm-none-eabi/lib/thumb/v7-m/nofp/libc_nano.a(libc_a-wsetup.o)
 .ARM.attributes
                0x00000811       0x2d /opt/st/stm32cubeide_1.19.0/plugins/com.st.stm32cube.ide.mcu.externaltools.gnu-tools-for-stm32.13.3.rel1.linux64_1.0.0.202410170706/tools/bin/../lib/gcc/arm-none-eabi/13.3.1/../../../../arm-none-eabi/lib/thumb/v7-m/nofp/libc_nano.a(libc_a-memmove.o)
 .ARM.attributes
                0x0000083e       0x2d /opt/st/stm32cubeide_1.19.0/plugins/com.st.stm32cube.ide.mcu.externaltools.gnu-tools-for-stm32.13.3.rel1.linux64_1.0.0.202410170706/tools/bin/../lib/gcc/arm-none-eabi/13.3.1/../../../../arm-none-eabi/lib/thumb/v7-m/nofp/libc_nano.a(libc_a-sbrkr.o)
 .ARM.attributes
                0x0000086b       0x2d /opt/st/stm32cubeide_1.19.0/plugins/com.st.stm32cube.ide.mcu.externaltools.gnu-tools-for-stm32.13.3.rel1.linux64_1.0.0.202410170706/tools/bin/../lib/gcc/arm-none-eabi/13.3.1/../../../../arm-none-eabi/lib/thumb/v7-m/nofp/libc_nano.a(libc_a-memchr-stub.o)
 .ARM.attributes
                0x00000898       0x2d /opt/st/stm32cubeide_1.19.0/plugins/com.st.stm32cube.ide.mcu.externaltools.gnu-tools-for-stm32.13.3.rel1.linux64_1.0.0.202410170706/tools/bin/../lib/gcc/arm-none-eabi/13.3.1/../../../../arm-none-eabi/lib/thumb/v7-m/nofp/libc_nano.a(libc_a-memcpy-stub.o)
 .ARM.attributes
                0x000008c5       0x2d /opt/st/stm32cubeide_1.19.0/plugins/com.st.stm32cube.ide.mcu.externaltools.gnu-tools-for-stm32.13.3.rel1.linux64_1.0.0.202410170706/tools/bin/../lib/gcc/arm-none-eabi/13.3.1/../../../../arm-none-eabi/lib/thumb/v7-m/nofp/libc_nano.a(libc_a-reallocr.o)
 .ARM.attributes
                0x000008f2       0x2d /opt/st/stm32cubeide_1.19.0/plugins/com.st.stm32cube.ide.mcu.externaltools.gnu-tools-for-stm32.13.3.rel1.linux64_1.0.0.202410170706/tools/bin/../lib/gcc/arm-none-eabi/13.3.1/../../../../arm-none-eabi/lib/thumb/v7-m/nofp/libc_nano.a(libc_a-makebuf.o)
 .ARM.attributes
                0x0000091f       0x2d /opt/st/stm32cubeide_1.19.0/plugins/com.st.stm32cube.ide.mcu.externaltools.gnu-tools-for-stm32.13.3.rel1.linux64_1.0.0.202410170706/tools/bin/../lib/gcc/arm-none-eabi/13.3.1/../../../../arm-none-eabi/lib/thumb/v7-m/nofp/libc_nano.a(libc_a-fstatr.o)
 .ARM.attributes
                0x0000094c       0x2d /opt/st/stm32cubeide_1.19.0/plugins/com.st.stm32cube.ide.mcu.externaltools.gnu-tools-for-stm32.13.3.rel1.linux64_1.0.0.202410170706/tools/bin/../lib/gcc/arm-none-eabi/13.3.1/../../../../arm-none-eabi/lib/thumb/v7-m/nofp/libc_nano.a(libc_a-isattyr.o)
 .ARM.attributes
                0x00000979       0x2d /opt/st/stm32cubeide_1.19.0/plugins/com.st.stm32cube.ide.mcu.externaltools.gnu-tools-for-stm32.13.3.rel1.linux64_1.0.0.202410170706/tools/bin/../lib/gcc/arm-none-eabi/13.3.1/../../../../arm-none-eabi/lib/thumb/v7-m/nofp/libc_nano.a(libc_a-msizer.o)
 .ARM.attributes
                0x000009a6       0x1d /opt/st/stm32cubeide_1.19.0/plugins/com.st.stm32cube.ide.mcu.externaltools.gnu-tools-for-stm32.13.3.rel1.linux64_1.0.0.202410170706/tools/bin/../lib/gcc/arm-none-eabi/13.3.1/thumb/v7-m/nofp/crtn.o
OUTPUT(tdse-tp2_01-model_integration2.elf elf32-littlearm)
LOAD linker stubs
LOAD /opt/st/stm32cubeide_1.19.0/plugins/com.st.stm32cube.ide.mcu.externaltools.gnu-tools-for-stm32.13.3.rel1.linux64_1.0.0.202410170706/tools/bin/../lib/gcc/arm-none-eabi/13.3.1/../../../../arm-none-eabi/lib/thumb/v7-m/nofp/libc.a
LOAD /opt/st/stm32cubeide_1.19.0/plugins/com.st.stm32cube.ide.mcu.externaltools.gnu-tools-for-stm32.13.3.rel1.linux64_1.0.0.202410170706/tools/bin/../lib/gcc/arm-none-eabi/13.3.1/../../../../arm-none-eabi/lib/thumb/v7-m/nofp/libm.a
LOAD /opt/st/stm32cubeide_1.19.0/plugins/com.st.stm32cube.ide.mcu.externaltools.gnu-tools-for-stm32.13.3.rel1.linux64_1.0.0.202410170706/tools/bin/../lib/gcc/arm-none-eabi/13.3.1/thumb/v7-m/nofp/libgcc.a

.debug_info     0x00000000     0x83f5
 .debug_info    0x00000000      0xb2f ./Core/Src/main.o
 .debug_info    0x00000b2f      0x7f8 ./Core/Src/stm32f1xx_hal_msp.o
 .debug_info    0x00001327      0x152 ./Core/Src/stm32f1xx_it.o
 .debug_info    0x00001479      0x168 ./Core/Src/sysmem.o
 .debug_info    0x000015e1      0x222 ./Core/Src/system_stm32f1xx.o
 .debug_info    0x00001803       0x30 ./Core/Startup/startup_stm32f103rbtx.o
 .debug_info    0x00001833      0x704 ./Drivers/STM32F1xx_HAL_Driver/Src/stm32f1xx_hal.o
 .debug_info    0x00001f37      0xa87 ./Drivers/STM32F1xx_HAL_Driver/Src/stm32f1xx_hal_cortex.o
 .debug_info    0x000029be      0x5ab ./Drivers/STM32F1xx_HAL_Driver/Src/stm32f1xx_hal_gpio.o
 .debug_info    0x00002f69      0x7d5 ./Drivers/STM32F1xx_HAL_Driver/Src/stm32f1xx_hal_rcc.o
 .debug_info    0x0000373e     0x2eed ./Drivers/STM32F1xx_HAL_Driver/Src/stm32f1xx_hal_uart.o
 .debug_info    0x0000662b      0x4f0 ./app/src/app.o
 .debug_info    0x00006b1b      0x10c ./app/src/app_it.o
 .debug_info    0x00006c27      0x797 ./app/src/logger.o
 .debug_info    0x000073be      0x47c ./app/src/task_actuator.o
 .debug_info    0x0000783a      0x1b0 ./app/src/task_actuator_interface.o
 .debug_info    0x000079ea      0x4aa ./app/src/task_sensor.o
 .debug_info    0x00007e94      0x3aa ./app/src/task_system.o
 .debug_info    0x0000823e      0x1b7 ./app/src/task_system_interface.o

.debug_abbrev   0x00000000     0x1f73
 .debug_abbrev  0x00000000      0x266 ./Core/Src/main.o
 .debug_abbrev  0x00000266      0x1ab ./Core/Src/stm32f1xx_hal_msp.o
 .debug_abbrev  0x00000411       0xa1 ./Core/Src/stm32f1xx_it.o
 .debug_abbrev  0x000004b2       0xbc ./Core/Src/sysmem.o
 .debug_abbrev  0x0000056e      0x13f ./Core/Src/system_stm32f1xx.o
 .debug_abbrev  0x000006ad       0x24 ./Core/Startup/startup_stm32f103rbtx.o
 .debug_abbrev  0x000006d1      0x201 ./Drivers/STM32F1xx_HAL_Driver/Src/stm32f1xx_hal.o
 .debug_abbrev  0x000008d2      0x2f8 ./Drivers/STM32F1xx_HAL_Driver/Src/stm32f1xx_hal_cortex.o
 .debug_abbrev  0x00000bca      0x1ca ./Drivers/STM32F1xx_HAL_Driver/Src/stm32f1xx_hal_gpio.o
 .debug_abbrev  0x00000d94      0x2b3 ./Drivers/STM32F1xx_HAL_Driver/Src/stm32f1xx_hal_rcc.o
 .debug_abbrev  0x00001047      0x2f8 ./Drivers/STM32F1xx_HAL_Driver/Src/stm32f1xx_hal_uart.o
 .debug_abbrev  0x0000133f      0x1cf ./app/src/app.o
 .debug_abbrev  0x0000150e       0x9c ./app/src/app_it.o
 .debug_abbrev  0x000015aa      0x1c2 ./app/src/logger.o
 .debug_abbrev  0x0000176c      0x1ff ./app/src/task_actuator.o
 .debug_abbrev  0x0000196b       0xe7 ./app/src/task_actuator_interface.o
 .debug_abbrev  0x00001a52      0x214 ./app/src/task_sensor.o
 .debug_abbrev  0x00001c66      0x1cf ./app/src/task_system.o
 .debug_abbrev  0x00001e35      0x13e ./app/src/task_system_interface.o

.debug_aranges  0x00000000      0x780
 .debug_aranges
                0x00000000       0x40 ./Core/Src/main.o
 .debug_aranges
                0x00000040       0x30 ./Core/Src/stm32f1xx_hal_msp.o
 .debug_aranges
                0x00000070       0x68 ./Core/Src/stm32f1xx_it.o
 .debug_aranges
                0x000000d8       0x20 ./Core/Src/sysmem.o
 .debug_aranges
                0x000000f8       0x28 ./Core/Src/system_stm32f1xx.o
 .debug_aranges
                0x00000120       0x28 ./Core/Startup/startup_stm32f103rbtx.o
 .debug_aranges
                0x00000148       0xe0 ./Drivers/STM32F1xx_HAL_Driver/Src/stm32f1xx_hal.o
 .debug_aranges
                0x00000228      0x100 ./Drivers/STM32F1xx_HAL_Driver/Src/stm32f1xx_hal_cortex.o
 .debug_aranges
                0x00000328       0x58 ./Drivers/STM32F1xx_HAL_Driver/Src/stm32f1xx_hal_gpio.o
 .debug_aranges
                0x00000380       0x90 ./Drivers/STM32F1xx_HAL_Driver/Src/stm32f1xx_hal_rcc.o
 .debug_aranges
                0x00000410      0x208 ./Drivers/STM32F1xx_HAL_Driver/Src/stm32f1xx_hal_uart.o
 .debug_aranges
                0x00000618       0x28 ./app/src/app.o
 .debug_aranges
                0x00000640       0x30 ./app/src/app_it.o
 .debug_aranges
                0x00000670       0x20 ./app/src/logger.o
 .debug_aranges
                0x00000690       0x30 ./app/src/task_actuator.o
 .debug_aranges
                0x000006c0       0x20 ./app/src/task_actuator_interface.o
 .debug_aranges
                0x000006e0       0x30 ./app/src/task_sensor.o
 .debug_aranges
                0x00000710       0x38 ./app/src/task_system.o
 .debug_aranges
                0x00000748       0x38 ./app/src/task_system_interface.o

.debug_rnglists
                0x00000000      0x58e
 .debug_rnglists
                0x00000000       0x2d ./Core/Src/main.o
 .debug_rnglists
                0x0000002d       0x1f ./Core/Src/stm32f1xx_hal_msp.o
 .debug_rnglists
                0x0000004c       0x49 ./Core/Src/stm32f1xx_it.o
 .debug_rnglists
                0x00000095       0x13 ./Core/Src/sysmem.o
 .debug_rnglists
                0x000000a8       0x1a ./Core/Src/system_stm32f1xx.o
 .debug_rnglists
                0x000000c2       0x19 ./Core/Startup/startup_stm32f103rbtx.o
 .debug_rnglists
                0x000000db       0xa3 ./Drivers/STM32F1xx_HAL_Driver/Src/stm32f1xx_hal.o
 .debug_rnglists
                0x0000017e       0xbb ./Drivers/STM32F1xx_HAL_Driver/Src/stm32f1xx_hal_cortex.o
 .debug_rnglists
                0x00000239       0x3f ./Drivers/STM32F1xx_HAL_Driver/Src/stm32f1xx_hal_gpio.o
 .debug_rnglists
                0x00000278       0x6c ./Drivers/STM32F1xx_HAL_Driver/Src/stm32f1xx_hal_rcc.o
 .debug_rnglists
                0x000002e4      0x1bc ./Drivers/STM32F1xx_HAL_Driver/Src/stm32f1xx_hal_uart.o
 .debug_rnglists
                0x000004a0       0x1b ./app/src/app.o
 .debug_rnglists
                0x000004bb       0x1f ./app/src/app_it.o
 .debug_rnglists
                0x000004da       0x13 ./app/src/logger.o
 .debug_rnglists
                0x000004ed       0x21 ./app/src/task_actuator.o
 .debug_rnglists
                0x0000050e       0x13 ./app/src/task_actuator_interface.o
 .debug_rnglists
                0x00000521       0x21 ./app/src/task_sensor.o
 .debug_rnglists
                0x00000542       0x27 ./app/src/task_system.o
 .debug_rnglists
                0x00000569       0x25 ./app/src/task_system_interface.o

.debug_macro    0x00000000    0x1888e
 .debug_macro   0x00000000      0x2c6 ./Core/Src/main.o
 .debug_macro   0x000002c6      0xacc ./Core/Src/main.o
 .debug_macro   0x00000d92      0x215 ./Core/Src/main.o
 .debug_macro   0x00000fa7       0x2e ./Core/Src/main.o
 .debug_macro   0x00000fd5       0x22 ./Core/Src/main.o
 .debug_macro   0x00000ff7       0x22 ./Core/Src/main.o
 .debug_macro   0x00001019       0x8e ./Core/Src/main.o
 .debug_macro   0x000010a7       0x51 ./Core/Src/main.o
 .debug_macro   0x000010f8      0x103 ./Core/Src/main.o
 .debug_macro   0x000011fb       0x6a ./Core/Src/main.o
 .debug_macro   0x00001265      0x1df ./Core/Src/main.o
 .debug_macro   0x00001444       0x1c ./Core/Src/main.o
 .debug_macro   0x00001460       0x22 ./Core/Src/main.o
 .debug_macro   0x00001482       0xbd ./Core/Src/main.o
 .debug_macro   0x0000153f      0xd23 ./Core/Src/main.o
 .debug_macro   0x00002262     0xe09e ./Core/Src/main.o
 .debug_macro   0x00010300       0x6d ./Core/Src/main.o
 .debug_macro   0x0001036d     0x34a2 ./Core/Src/main.o
 .debug_macro   0x0001380f      0x190 ./Core/Src/main.o
 .debug_macro   0x0001399f       0x5c ./Core/Src/main.o
 .debug_macro   0x000139fb      0x5bc ./Core/Src/main.o
 .debug_macro   0x00013fb7      0x289 ./Core/Src/main.o
 .debug_macro   0x00014240      0x1cb ./Core/Src/main.o
 .debug_macro   0x0001440b      0x114 ./Core/Src/main.o
 .debug_macro   0x0001451f      0x1b2 ./Core/Src/main.o
 .debug_macro   0x000146d1       0x27 ./Core/Src/main.o
 .debug_macro   0x000146f8      0x136 ./Core/Src/main.o
 .debug_macro   0x0001482e      0x1bc ./Core/Src/main.o
 .debug_macro   0x000149ea       0x34 ./Core/Src/main.o
 .debug_macro   0x00014a1e       0x3c ./Core/Src/main.o
 .debug_macro   0x00014a5a       0x57 ./Core/Src/main.o
 .debug_macro   0x00014ab1       0x87 ./Core/Src/main.o
 .debug_macro   0x00014b38      0x240 ./Core/Src/main.o
 .debug_macro   0x00014d78      0x140 ./Core/Src/main.o
 .debug_macro   0x00014eb8      0x28e ./Core/Src/main.o
 .debug_macro   0x00015146       0x83 ./Core/Src/main.o
 .debug_macro   0x000151c9       0x5e ./Core/Src/main.o
 .debug_macro   0x00015227       0x61 ./Core/Src/main.o
 .debug_macro   0x00015288       0x24 ./Core/Src/main.o
 .debug_macro   0x000152ac       0x43 ./Core/Src/main.o
 .debug_macro   0x000152ef       0x34 ./Core/Src/main.o
 .debug_macro   0x00015323       0x16 ./Core/Src/main.o
 .debug_macro   0x00015339       0x3c ./Core/Src/main.o
 .debug_macro   0x00015375      0x370 ./Core/Src/main.o
 .debug_macro   0x000156e5       0x10 ./Core/Src/main.o
 .debug_macro   0x000156f5       0x16 ./Core/Src/main.o
 .debug_macro   0x0001570b       0x4a ./Core/Src/main.o
 .debug_macro   0x00015755       0x34 ./Core/Src/main.o
 .debug_macro   0x00015789       0x10 ./Core/Src/main.o
 .debug_macro   0x00015799       0x58 ./Core/Src/main.o
 .debug_macro   0x000157f1       0x8e ./Core/Src/main.o
 .debug_macro   0x0001587f       0x1c ./Core/Src/main.o
 .debug_macro   0x0001589b      0x185 ./Core/Src/main.o
 .debug_macro   0x00015a20       0x16 ./Core/Src/main.o
 .debug_macro   0x00015a36       0x16 ./Core/Src/main.o
 .debug_macro   0x00015a4c      0x146 ./Core/Src/main.o
 .debug_macro   0x00015b92       0x22 ./Core/Src/main.o
 .debug_macro   0x00015bb4       0x16 ./Core/Src/main.o
 .debug_macro   0x00015bca       0x20 ./Core/Src/main.o
 .debug_macro   0x00015bea       0x28 ./Core/Src/main.o
 .debug_macro   0x00015c12       0x22 ./Core/Src/main.o
 .debug_macro   0x00015c34      0x19d ./Core/Src/stm32f1xx_hal_msp.o
 .debug_macro   0x00015dd1      0x1a7 ./Core/Src/stm32f1xx_it.o
 .debug_macro   0x00015f78      0x112 ./Core/Src/sysmem.o
 .debug_macro   0x0001608a       0x10 ./Core/Src/sysmem.o
 .debug_macro   0x0001609a       0x5b ./Core/Src/sysmem.o
 .debug_macro   0x000160f5       0x94 ./Core/Src/sysmem.o
 .debug_macro   0x00016189       0x57 ./Core/Src/sysmem.o
 .debug_macro   0x000161e0      0x23c ./Core/Src/sysmem.o
 .debug_macro   0x0001641c      0x18e ./Core/Src/system_stm32f1xx.o
 .debug_macro   0x000165aa      0x1b2 ./Drivers/STM32F1xx_HAL_Driver/Src/stm32f1xx_hal.o
 .debug_macro   0x0001675c      0x18e ./Drivers/STM32F1xx_HAL_Driver/Src/stm32f1xx_hal_cortex.o
 .debug_macro   0x000168ea      0x1f9 ./Drivers/STM32F1xx_HAL_Driver/Src/stm32f1xx_hal_gpio.o
 .debug_macro   0x00016ae3      0x1a0 ./Drivers/STM32F1xx_HAL_Driver/Src/stm32f1xx_hal_rcc.o
 .debug_macro   0x00016c83      0x18f ./Drivers/STM32F1xx_HAL_Driver/Src/stm32f1xx_hal_uart.o
 .debug_macro   0x00016e12      0x31c ./app/src/app.o
 .debug_macro   0x0001712e       0x9a ./app/src/app.o
 .debug_macro   0x000171c8      0x2d0 ./app/src/app_it.o
 .debug_macro   0x00017498      0x2b1 ./app/src/logger.o
 .debug_macro   0x00017749       0x9e ./app/src/logger.o
 .debug_macro   0x000177e7      0x112 ./app/src/logger.o
 .debug_macro   0x000178f9       0x56 ./app/src/logger.o
 .debug_macro   0x0001794f       0x2e ./app/src/logger.o
 .debug_macro   0x0001797d      0x30b ./app/src/task_actuator.o
 .debug_macro   0x00017c88      0x2e3 ./app/src/task_actuator_interface.o
 .debug_macro   0x00017f6b      0x315 ./app/src/task_sensor.o
 .debug_macro   0x00018280      0x319 ./app/src/task_system.o
 .debug_macro   0x00018599      0x2f5 ./app/src/task_system_interface.o

.debug_line     0x00000000     0xb627
 .debug_line    0x00000000      0x89b ./Core/Src/main.o
 .debug_line    0x0000089b      0x65a ./Core/Src/stm32f1xx_hal_msp.o
 .debug_line    0x00000ef5      0x6d8 ./Core/Src/stm32f1xx_it.o
 .debug_line    0x000015cd      0x4bd ./Core/Src/sysmem.o
 .debug_line    0x00001a8a      0x68f ./Core/Src/system_stm32f1xx.o
 .debug_line    0x00002119       0x78 ./Core/Startup/startup_stm32f103rbtx.o
 .debug_line    0x00002191      0x8c0 ./Drivers/STM32F1xx_HAL_Driver/Src/stm32f1xx_hal.o
 .debug_line    0x00002a51      0xa8a ./Drivers/STM32F1xx_HAL_Driver/Src/stm32f1xx_hal_cortex.o
 .debug_line    0x000034db      0x91d ./Drivers/STM32F1xx_HAL_Driver/Src/stm32f1xx_hal_gpio.o
 .debug_line    0x00003df8      0xd79 ./Drivers/STM32F1xx_HAL_Driver/Src/stm32f1xx_hal_rcc.o
 .debug_line    0x00004b71     0x23dc ./Drivers/STM32F1xx_HAL_Driver/Src/stm32f1xx_hal_uart.o
 .debug_line    0x00006f4d      0x98e ./app/src/app.o
 .debug_line    0x000078db      0x7df ./app/src/app_it.o
 .debug_line    0x000080ba      0x7a1 ./app/src/logger.o
 .debug_line    0x0000885b      0x997 ./app/src/task_actuator.o
 .debug_line    0x000091f2      0x7ee ./app/src/task_actuator_interface.o
 .debug_line    0x000099e0      0x9fb ./app/src/task_sensor.o
 .debug_line    0x0000a3db      0x9ce ./app/src/task_system.o
 .debug_line    0x0000ada9      0x87e ./app/src/task_system_interface.o

.debug_str      0x00000000    0x83430
 .debug_str     0x00000000    0x83430 ./Core/Src/main.o
                              0x80f3f (size before relaxing)
 .debug_str     0x00083430    0x7cff2 ./Core/Src/stm32f1xx_hal_msp.o
 .debug_str     0x00083430    0x7cbdb ./Core/Src/stm32f1xx_it.o
 .debug_str     0x00083430     0x7727 ./Core/Src/sysmem.o
 .debug_str     0x00083430    0x7ca56 ./Core/Src/system_stm32f1xx.o
 .debug_str     0x00083430       0x81 ./Core/Startup/startup_stm32f103rbtx.o
 .debug_str     0x00083430    0x7d189 ./Drivers/STM32F1xx_HAL_Driver/Src/stm32f1xx_hal.o
 .debug_str     0x00083430    0x7d0d5 ./Drivers/STM32F1xx_HAL_Driver/Src/stm32f1xx_hal_cortex.o
 .debug_str     0x00083430    0x7cddc ./Drivers/STM32F1xx_HAL_Driver/Src/stm32f1xx_hal_gpio.o
 .debug_str     0x00083430    0x7ce85 ./Drivers/STM32F1xx_HAL_Driver/Src/stm32f1xx_hal_rcc.o
 .debug_str     0x00083430    0x7d4f6 ./Drivers/STM32F1xx_HAL_Driver/Src/stm32f1xx_hal_uart.o
 .debug_str     0x00083430    0x80ab2 ./app/src/app.o
 .debug_str     0x00083430    0x8077d ./app/src/app_it.o
 .debug_str     0x00083430    0x80883 ./app/src/logger.o
 .debug_str     0x00083430    0x80ae1 ./app/src/task_actuator.o
 .debug_str     0x00083430    0x808a6 ./app/src/task_actuator_interface.o
 .debug_str     0x00083430    0x80b31 ./app/src/task_sensor.o
 .debug_str     0x00083430    0x80ace ./app/src/task_system.o
 .debug_str     0x00083430    0x808ad ./app/src/task_system_interface.o

.comment        0x00000000       0x43
 .comment       0x00000000       0x43 ./Core/Src/main.o
                                 0x44 (size before relaxing)
 .comment       0x00000043       0x44 ./Core/Src/stm32f1xx_hal_msp.o
 .comment       0x00000043       0x44 ./Core/Src/stm32f1xx_it.o
 .comment       0x00000043       0x44 ./Core/Src/sysmem.o
 .comment       0x00000043       0x44 ./Core/Src/system_stm32f1xx.o